******************************************************************************
                  TI ARM Linker PC v5.2.2                      
******************************************************************************
>> Linked Tue Feb 28 11:47:38 2017

OUTPUT FILE NAME:   <03_GPIOInput.out>
ENTRY POINT SYMBOL: "_c_int00"  address: 000006d5


MEMORY CONFIGURATION

         name            origin    length      used     unused   attr    fill
----------------------  --------  ---------  --------  --------  ----  --------
  FLASH                 00000000   00040000  000008a2  0003f75e  R  X
  SRAM                  20000000   00008000  00000218  00007de8  RW X


SEGMENT ALLOCATION MAP

run origin  load origin   length   init length attrs members
----------  ----------- ---------- ----------- ----- -------
00000000    00000000    000008a8   000008a8    r-x
  00000000    00000000    0000026c   0000026c    r-- .intvecs
  0000026c    0000026c    00000616   00000616    r-x .text
  00000888    00000888    00000020   00000020    r-- .cinit
20000000    20000000    00000218   00000000    rw-
  20000000    20000000    00000200   00000000    rw- .stack
  20000200    20000200    00000018   00000000    rw- .data


SECTION ALLOCATION MAP

 output                                  attributes/
section   page    origin      length       input sections
--------  ----  ----------  ----------   ----------------
.intvecs   0    00000000    0000026c     
                  00000000    0000026c     tm4c123gh6pm_startup_ccs.obj (.intvecs)

.text      0    0000026c    00000616     
                  0000026c    00000130     driverlib.lib : gpio.obj (.text:GPIOPadConfigSet)
                  0000039c    000000f0                   : sysctl.obj (.text:SysCtlClockSet)
                  0000048c    0000009c     rtsv7M4_T_le_v4SPD16_eabi.lib : memcpy_t2.obj (.text)
                  00000528    0000007a                                   : memset_t2.obj (.text)
                  000005a2    00000002     --HOLE-- [fill = 0]
                  000005a4    0000006c                                   : autoinit.obj (.text)
                  00000610    0000006a                                   : copy_decompress_rle.obj (.text)
                  0000067a    00000002     --HOLE-- [fill = 0]
                  0000067c    00000058     main.obj (.text)
                  000006d4    00000050     rtsv7M4_T_le_v4SPD16_eabi.lib : boot.obj (.text)
                  00000724    0000004c                                   : cpy_tbl.obj (.text)
                  00000770    00000044                                   : exit.obj (.text)
                  000007b4    00000034     driverlib.lib : sysctl.obj (.text:SysCtlPeripheralEnable)
                  000007e8    0000002a                   : gpio.obj (.text:GPIODirModeSet)
                  00000812    00000002     --HOLE-- [fill = 0]
                  00000814    00000018     rtsv7M4_T_le_v4SPD16_eabi.lib : args_main.obj (.text)
                  0000082c    00000014                                   : _lock.obj (.text)
                  00000840    00000012     driverlib.lib : gpio.obj (.text:GPIOPinTypeGPIOInput)
                  00000852    0000000e     rtsv7M4_T_le_v4SPD16_eabi.lib : copy_decompress_none.obj (.text:decompress:none)
                  00000860    0000000c     tm4c123gh6pm_startup_ccs.obj (.text)
                  0000086c    00000006     driverlib.lib : gpio.obj (.text:GPIOPinRead)
                  00000872    00000006                   : sysctl.obj (.text:SysCtlDelay)
                  00000878    00000006     rtsv7M4_T_le_v4SPD16_eabi.lib : copy_decompress_rle.obj (.text:decompress:rle24)
                  0000087e    00000004                                   : pre_init.obj (.text)

.cinit     0    00000888    00000020     
                  00000888    0000000f     (.cinit..data.load) [load image, compression = rle]
                  00000897    00000001     --HOLE-- [fill = 0]
                  00000898    00000008     (__TI_handler_table)
                  000008a0    00000008     (__TI_cinit_table)

.init_array 
*          0    00000000    00000000     UNINITIALIZED

.stack     0    20000000    00000200     UNINITIALIZED
                  20000000    00000200     --HOLE--

.data      0    20000200    00000018     UNINITIALIZED
                  20000200    00000008     rtsv7M4_T_le_v4SPD16_eabi.lib : _lock.obj (.data)
                  20000208    00000008                                   : exit.obj (.data)
                  20000210    00000004     main.obj (.data)
                  20000214    00000004     rtsv7M4_T_le_v4SPD16_eabi.lib : stkdepth_vars.obj (.data)

.TI.persistent 
*          0    20000200    00000000     UNINITIALIZED


LINKER GENERATED COPY TABLES

__TI_cinit_table @ 000008a0 records: 1, size/record: 8, table size: 8
	.data: load addr=00000888, load size=0000000f bytes, run addr=20000200, run size=00000018 bytes, compression=rle


LINKER GENERATED HANDLER TABLE

__TI_handler_table @ 00000898 records: 2, size/record: 4, table size: 8
	index: 0, handler: __TI_decompress_rle24
	index: 1, handler: __TI_decompress_none


GLOBAL SYMBOLS: SORTED ALPHABETICALLY BY Name 

address   name                    
-------   ----                    
00000771  C$$EXIT                 
000007e9  GPIODirModeSet          
0000026d  GPIOPadConfigSet        
0000086d  GPIOPinRead             
00000841  GPIOPinTypeGPIOInput    
00000861  ResetISR                
UNDEFED   SHT$$INIT_ARRAY$$Base   
UNDEFED   SHT$$INIT_ARRAY$$Limit  
0000039d  SysCtlClockSet          
00000873  SysCtlDelay             
000007b5  SysCtlPeripheralEnable  
20000200  __STACK_END             
00000200  __STACK_SIZE            
20000200  __STACK_TOP             
000008a0  __TI_CINIT_Base         
000008a8  __TI_CINIT_Limit        
00000898  __TI_Handler_Table_Base 
000008a0  __TI_Handler_Table_Limit
000005a5  __TI_auto_init          
20000208  __TI_cleanup_ptr        
00000853  __TI_decompress_none    
00000879  __TI_decompress_rle24   
2000020c  __TI_dtors_ptr          
00000000  __TI_static_base__      
00000529  __aeabi_memclr          
00000529  __aeabi_memclr4         
00000529  __aeabi_memclr8         
0000048d  __aeabi_memcpy          
0000048d  __aeabi_memcpy4         
0000048d  __aeabi_memcpy8         
0000052b  __aeabi_memset          
0000052b  __aeabi_memset4         
0000052b  __aeabi_memset8         
ffffffff  __binit__               
ffffffff  __c_args__              
20000000  __stack                 
00000815  _args_main              
000006d5  _c_int00                
20000200  _lock                   
0000083b  _nop                    
00000833  _register_lock          
0000082d  _register_unlock        
0000087f  _system_pre_init        
20000204  _unlock                 
00000775  abort                   
ffffffff  binit                   
00000725  copy_in                 
0000077d  exit                    
00000000  g_pfnVectors            
0000067d  main                    
20000214  main_func_sp            
0000048d  memcpy                  
00000531  memset                  
20000210  temp                    


GLOBAL SYMBOLS: SORTED BY Symbol Address 

address   name                    
-------   ----                    
00000000  __TI_static_base__      
00000000  g_pfnVectors            
00000200  __STACK_SIZE            
0000026d  GPIOPadConfigSet        
0000039d  SysCtlClockSet          
0000048d  __aeabi_memcpy          
0000048d  __aeabi_memcpy4         
0000048d  __aeabi_memcpy8         
0000048d  memcpy                  
00000529  __aeabi_memclr          
00000529  __aeabi_memclr4         
00000529  __aeabi_memclr8         
0000052b  __aeabi_memset          
0000052b  __aeabi_memset4         
0000052b  __aeabi_memset8         
00000531  memset                  
000005a5  __TI_auto_init          
0000067d  main                    
000006d5  _c_int00                
00000725  copy_in                 
00000771  C$$EXIT                 
00000775  abort                   
0000077d  exit                    
000007b5  SysCtlPeripheralEnable  
000007e9  GPIODirModeSet          
00000815  _args_main              
0000082d  _register_unlock        
00000833  _register_lock          
0000083b  _nop                    
00000841  GPIOPinTypeGPIOInput    
00000853  __TI_decompress_none    
00000861  ResetISR                
0000086d  GPIOPinRead             
00000873  SysCtlDelay             
00000879  __TI_decompress_rle24   
0000087f  _system_pre_init        
00000898  __TI_Handler_Table_Base 
000008a0  __TI_CINIT_Base         
000008a0  __TI_Handler_Table_Limit
000008a8  __TI_CINIT_Limit        
20000000  __stack                 
20000200  __STACK_END             
20000200  __STACK_TOP             
20000200  _lock                   
20000204  _unlock                 
20000208  __TI_cleanup_ptr        
2000020c  __TI_dtors_ptr          
20000210  temp                    
20000214  main_func_sp            
ffffffff  __binit__               
ffffffff  __c_args__              
ffffffff  binit                   
UNDEFED   SHT$$INIT_ARRAY$$Base   
UNDEFED   SHT$$INIT_ARRAY$$Limit  

[54 symbols]
