******************************************************************************
                  TI ARM Linker PC v5.2.5                      
******************************************************************************
>> Linked Thu Aug 27 12:08:18 2015

OUTPUT FILE NAME:   <Ejemplo_2.out>
ENTRY POINT SYMBOL: "_c_int00"  address: 000007e5


MEMORY CONFIGURATION

         name            origin    length      used     unused   attr    fill
----------------------  --------  ---------  --------  --------  ----  --------
  FLASH                 00000000   00040000  00000b30  0003f4d0  R  X
  SRAM                  20000000   00008000  00000215  00007deb  RW X


SEGMENT ALLOCATION MAP

run origin  load origin   length   init length attrs members
----------  ----------- ---------- ----------- ----- -------
00000000    00000000    00000b30   00000b30    r-x
  00000000    00000000    0000026c   0000026c    r-- .intvecs
  0000026c    0000026c    00000798   00000798    r-x .text
  00000a04    00000a04    0000010c   0000010c    r-- .const
  00000b10    00000b10    00000020   00000020    r-- .cinit
20000000    20000000    00000215   00000000    rw-
  20000000    20000000    00000200   00000000    rw- .stack
  20000200    20000200    00000015   00000000    rw- .data


SECTION ALLOCATION MAP

 output                                  attributes/
section   page    origin      length       input sections
--------  ----  ----------  ----------   ----------------
.intvecs   0    00000000    0000026c     
                  00000000    0000026c     tm4c123gh6pm_startup_ccs.obj (.intvecs)

.text      0    0000026c    00000798     
                  0000026c    00000130     driverlib.lib : gpio.obj (.text:GPIOPadConfigSet)
                  0000039c    000000f0                   : sysctl.obj (.text:SysCtlClockSet)
                  0000048c    000000a0     main.obj (.text)
                  0000052c    0000009c     rtsv7M4_T_le_v4SPD16_eabi.lib : memcpy_t2.obj (.text)
                  000005c8    0000007a                                   : memset_t2.obj (.text)
                  00000642    00000002     --HOLE-- [fill = 0]
                  00000644    0000006c                                   : autoinit.obj (.text)
                  000006b0    0000006a                                   : copy_decompress_rle.obj (.text)
                  0000071a    00000002     --HOLE-- [fill = 0]
                  0000071c    00000068     driverlib.lib : interrupt.obj (.text:IntEnable)
                  00000784    00000060                   : timer.obj (.text:TimerConfigure)
                  000007e4    00000050     rtsv7M4_T_le_v4SPD16_eabi.lib : boot.obj (.text)
                  00000834    0000004c                                   : cpy_tbl.obj (.text)
                  00000880    00000044                                   : exit.obj (.text)
                  000008c4    00000034     driverlib.lib : sysctl.obj (.text:SysCtlPeripheralEnable)
                  000008f8    0000002a                   : gpio.obj (.text:GPIODirModeSet)
                  00000922    00000002     --HOLE-- [fill = 0]
                  00000924    00000024                   : interrupt.obj (.text:IntPrioritySet)
                  00000948    00000018                   : gpio.obj (.text:GPIOPinTypeGPIOOutput)
                  00000960    00000018     rtsv7M4_T_le_v4SPD16_eabi.lib : args_main.obj (.text)
                  00000978    00000014                                   : _lock.obj (.text)
                  0000098c    00000012     driverlib.lib : timer.obj (.text:TimerLoadSet)
                  0000099e    00000010                   : interrupt.obj (.text:IntMasterEnable)
                  000009ae    0000000e                   : timer.obj (.text:TimerEnable)
                  000009bc    0000000e     rtsv7M4_T_le_v4SPD16_eabi.lib : copy_decompress_none.obj (.text:decompress:none)
                  000009ca    0000000c     driverlib.lib : cpu.obj (.text:CPUcpsie)
                  000009d6    0000000c     tm4c123gh6pm_startup_ccs.obj (.text)
                  000009e2    00000008     driverlib.lib : timer.obj (.text:TimerIntEnable)
                  000009ea    00000006                   : gpio.obj (.text:GPIOPinWrite)
                  000009f0    00000006                   : sysctl.obj (.text:SysCtlDelay)
                  000009f6    00000006     rtsv7M4_T_le_v4SPD16_eabi.lib : copy_decompress_rle.obj (.text:decompress:rle24)
                  000009fc    00000004     driverlib.lib : timer.obj (.text:TimerIntClear)
                  00000a00    00000004     rtsv7M4_T_le_v4SPD16_eabi.lib : pre_init.obj (.text)

.const     0    00000a04    0000010c     
                  00000a04    0000009c     driverlib.lib : interrupt.obj (.const:g_pui32Regs)
                  00000aa0    00000070                   : interrupt.obj (.const)

.cinit     0    00000b10    00000020     
                  00000b10    0000000f     (.cinit..data.load) [load image, compression = rle]
                  00000b1f    00000001     --HOLE-- [fill = 0]
                  00000b20    00000008     (__TI_handler_table)
                  00000b28    00000008     (__TI_cinit_table)

.init_array 
*          0    00000000    00000000     UNINITIALIZED

.stack     0    20000000    00000200     UNINITIALIZED
                  20000000    00000200     --HOLE--

.data      0    20000200    00000015     UNINITIALIZED
                  20000200    00000008     rtsv7M4_T_le_v4SPD16_eabi.lib : _lock.obj (.data)
                  20000208    00000008                                   : exit.obj (.data)
                  20000210    00000004                                   : stkdepth_vars.obj (.data)
                  20000214    00000001     main.obj (.data)

.TI.persistent 
*          0    20000200    00000000     UNINITIALIZED


LINKER GENERATED COPY TABLES

__TI_cinit_table @ 00000b28 records: 1, size/record: 8, table size: 8
	.data: load addr=00000b10, load size=0000000f bytes, run addr=20000200, run size=00000015 bytes, compression=rle


LINKER GENERATED HANDLER TABLE

__TI_handler_table @ 00000b20 records: 2, size/record: 4, table size: 8
	index: 0, handler: __TI_decompress_rle24
	index: 1, handler: __TI_decompress_none


GLOBAL SYMBOLS: SORTED ALPHABETICALLY BY Name 

address   name                    
-------   ----                    
00000881  C$$EXIT                 
000009cb  CPUcpsie                
0000048d  CargaTimer              
000004ed  EncargadoInterrupcion   
000008f9  GPIODirModeSet          
0000026d  GPIOPadConfigSet        
00000949  GPIOPinTypeGPIOOutput   
000009eb  GPIOPinWrite            
0000071d  IntEnable               
0000099f  IntMasterEnable         
00000925  IntPrioritySet          
000009d7  ResetISR                
UNDEFED   SHT$$INIT_ARRAY$$Base   
UNDEFED   SHT$$INIT_ARRAY$$Limit  
0000039d  SysCtlClockSet          
000009f1  SysCtlDelay             
000008c5  SysCtlPeripheralEnable  
00000785  TimerConfigure          
000009af  TimerEnable             
000009fd  TimerIntClear           
000009e3  TimerIntEnable          
0000098d  TimerLoadSet            
20000200  __STACK_END             
00000200  __STACK_SIZE            
20000200  __STACK_TOP             
00000b28  __TI_CINIT_Base         
00000b30  __TI_CINIT_Limit        
00000b20  __TI_Handler_Table_Base 
00000b28  __TI_Handler_Table_Limit
00000645  __TI_auto_init          
20000208  __TI_cleanup_ptr        
000009bd  __TI_decompress_none    
000009f7  __TI_decompress_rle24   
2000020c  __TI_dtors_ptr          
00000000  __TI_static_base__      
000005c9  __aeabi_memclr          
000005c9  __aeabi_memclr4         
000005c9  __aeabi_memclr8         
0000052d  __aeabi_memcpy          
0000052d  __aeabi_memcpy4         
0000052d  __aeabi_memcpy8         
000005cb  __aeabi_memset          
000005cb  __aeabi_memset4         
000005cb  __aeabi_memset8         
ffffffff  __binit__               
ffffffff  __c_args__              
20000000  __stack                 
00000961  _args_main              
000007e5  _c_int00                
20000200  _lock                   
00000987  _nop                    
0000097f  _register_lock          
00000979  _register_unlock        
00000a01  _system_pre_init        
20000204  _unlock                 
00000885  abort                   
ffffffff  binit                   
00000835  copy_in                 
0000088d  exit                    
00000000  g_pfnVectors            
20000214  led                     
000004cb  main                    
20000210  main_func_sp            
0000052d  memcpy                  
000005d1  memset                  


GLOBAL SYMBOLS: SORTED BY Symbol Address 

address   name                    
-------   ----                    
00000000  __TI_static_base__      
00000000  g_pfnVectors            
00000200  __STACK_SIZE            
0000026d  GPIOPadConfigSet        
0000039d  SysCtlClockSet          
0000048d  CargaTimer              
000004cb  main                    
000004ed  EncargadoInterrupcion   
0000052d  __aeabi_memcpy          
0000052d  __aeabi_memcpy4         
0000052d  __aeabi_memcpy8         
0000052d  memcpy                  
000005c9  __aeabi_memclr          
000005c9  __aeabi_memclr4         
000005c9  __aeabi_memclr8         
000005cb  __aeabi_memset          
000005cb  __aeabi_memset4         
000005cb  __aeabi_memset8         
000005d1  memset                  
00000645  __TI_auto_init          
0000071d  IntEnable               
00000785  TimerConfigure          
000007e5  _c_int00                
00000835  copy_in                 
00000881  C$$EXIT                 
00000885  abort                   
0000088d  exit                    
000008c5  SysCtlPeripheralEnable  
000008f9  GPIODirModeSet          
00000925  IntPrioritySet          
00000949  GPIOPinTypeGPIOOutput   
00000961  _args_main              
00000979  _register_unlock        
0000097f  _register_lock          
00000987  _nop                    
0000098d  TimerLoadSet            
0000099f  IntMasterEnable         
000009af  TimerEnable             
000009bd  __TI_decompress_none    
000009cb  CPUcpsie                
000009d7  ResetISR                
000009e3  TimerIntEnable          
000009eb  GPIOPinWrite            
000009f1  SysCtlDelay             
000009f7  __TI_decompress_rle24   
000009fd  TimerIntClear           
00000a01  _system_pre_init        
00000b20  __TI_Handler_Table_Base 
00000b28  __TI_CINIT_Base         
00000b28  __TI_Handler_Table_Limit
00000b30  __TI_CINIT_Limit        
20000000  __stack                 
20000200  __STACK_END             
20000200  __STACK_TOP             
20000200  _lock                   
20000204  _unlock                 
20000208  __TI_cleanup_ptr        
2000020c  __TI_dtors_ptr          
20000210  main_func_sp            
20000214  led                     
ffffffff  __binit__               
ffffffff  __c_args__              
ffffffff  binit                   
UNDEFED   SHT$$INIT_ARRAY$$Base   
UNDEFED   SHT$$INIT_ARRAY$$Limit  

[65 symbols]
