******************************************************************************
                  TI ARM Linker PC v5.2.2                      
******************************************************************************
>> Linked Wed Mar 01 16:50:57 2017

OUTPUT FILE NAME:   <ADC-DAC.out>
ENTRY POINT SYMBOL: "_c_int00"  address: 00000a51


MEMORY CONFIGURATION

         name            origin    length      used     unused   attr    fill
----------------------  --------  ---------  --------  --------  ----  --------
  FLASH                 00000000   00040000  00000f12  0003f0ee  R  X
  SRAM                  20000000   00008000  00000218  00007de8  RW X


SEGMENT ALLOCATION MAP

run origin  load origin   length   init length attrs members
----------  ----------- ---------- ----------- ----- -------
00000000    00000000    00000f18   00000f18    r-x
  00000000    00000000    0000026c   0000026c    r-- .intvecs
  0000026c    0000026c    00000b02   00000b02    r-x .text
  00000d70    00000d70    0000016c   0000016c    r-- .const
  00000ee0    00000ee0    00000038   00000038    r-- .cinit
20000000    20000000    00000218   00000000    rw-
  20000000    20000000    00000200   00000000    rw- .stack
  20000200    20000200    00000014   00000000    rw- .data
  20000214    20000214    00000004   00000000    rw- .bss


SECTION ALLOCATION MAP

 output                                  attributes/
section   page    origin      length       input sections
--------  ----  ----------  ----------   ----------------
.intvecs   0    00000000    0000026c     
                  00000000    0000026c     tm4c123gh6pm_startup_ccs.obj (.intvecs)

.text      0    0000026c    00000b02     
                  0000026c    00000130     driverlib.lib : gpio.obj (.text:GPIOPadConfigSet)
                  0000039c    00000130     main.obj (.text)
                  000004cc    0000010c     driverlib.lib : sysctl.obj (.text:SysCtlClockGet)
                  000005d8    000000f0                   : sysctl.obj (.text:SysCtlClockSet)
                  000006c8    0000009c     rtsv7M4_T_le_v4SPD16_eabi.lib : memcpy_t2.obj (.text)
                  00000764    0000007a     driverlib.lib : adc.obj (.text:ADCSequenceStepConfigure)
                  000007de    0000007a     rtsv7M4_T_le_v4SPD16_eabi.lib : memset_t2.obj (.text)
                  00000858    0000006c                                   : autoinit.obj (.text)
                  000008c4    0000006a                                   : copy_decompress_rle.obj (.text)
                  0000092e    00000002     --HOLE-- [fill = 0]
                  00000930    00000068     driverlib.lib : interrupt.obj (.text:IntEnable)
                  00000998    00000060                   : timer.obj (.text:TimerConfigure)
                  000009f8    00000058                   : timer.obj (.text:TimerControlTrigger)
                  00000a50    00000050     rtsv7M4_T_le_v4SPD16_eabi.lib : boot.obj (.text)
                  00000aa0    0000004c                                   : cpy_tbl.obj (.text)
                  00000aec    00000048     driverlib.lib : gpio.obj (.text:GPIOPinConfigure)
                  00000b34    00000044     rtsv7M4_T_le_v4SPD16_eabi.lib : exit.obj (.text)
                  00000b78    0000003e     driverlib.lib : adc.obj (.text:ADCSequenceConfigure)
                  00000bb6    0000003c                   : ssi.obj (.text:SSIConfigSetExpClk)
                  00000bf2    00000002     --HOLE-- [fill = 0]
                  00000bf4    00000034                   : sysctl.obj (.text:SysCtlPeripheralEnable)
                  00000c28    0000002a                   : gpio.obj (.text:GPIODirModeSet)
                  00000c52    0000001e                   : adc.obj (.text:ADCSequenceDataGet)
                  00000c70    00000018     rtsv7M4_T_le_v4SPD16_eabi.lib : args_main.obj (.text)
                  00000c88    00000014                                   : _lock.obj (.text)
                  00000c9c    00000012     driverlib.lib : gpio.obj (.text:GPIOPinTypeADC)
                  00000cae    00000012                   : gpio.obj (.text:GPIOPinTypeSSI)
                  00000cc0    00000012                   : timer.obj (.text:TimerLoadSet)
                  00000cd2    00000010                   : adc.obj (.text:ADCIntEnable)
                  00000ce2    00000010                   : interrupt.obj (.text:IntMasterEnable)
                  00000cf2    0000000e                   : adc.obj (.text:ADCSequenceEnable)
                  00000d00    0000000e                   : timer.obj (.text:TimerEnable)
                  00000d0e    0000000e     rtsv7M4_T_le_v4SPD16_eabi.lib : copy_decompress_none.obj (.text:decompress:none)
                  00000d1c    0000000c     driverlib.lib : cpu.obj (.text:CPUcpsie)
                  00000d28    0000000c     rtsv7M4_T_le_v4SPD16_eabi.lib : copy_zero_init.obj (.text:decompress:ZI)
                  00000d34    0000000c     tm4c123gh6pm_startup_ccs.obj (.text)
                  00000d40    0000000a     driverlib.lib : adc.obj (.text:ADCIntClear)
                  00000d4a    0000000a                   : ssi.obj (.text:SSIDataPut)
                  00000d54    0000000a                   : ssi.obj (.text:SSIEnable)
                  00000d5e    00000006                   : sysctl.obj (.text:SysCtlDelay)
                  00000d64    00000006     rtsv7M4_T_le_v4SPD16_eabi.lib : copy_decompress_rle.obj (.text:decompress:rle24)
                  00000d6a    00000004                                   : pre_init.obj (.text)

.const     0    00000d70    0000016c     
                  00000d70    00000090     driverlib.lib : gpio.obj (.const:g_pui32GPIOBaseAddrs)
                  00000e00    00000070                   : interrupt.obj (.const)
                  00000e70    0000006c                   : sysctl.obj (.const:g_pui32Xtals)

.cinit     0    00000ee0    00000038     
                  00000ee0    0000000f     (.cinit..data.load) [load image, compression = rle]
                  00000eef    00000001     --HOLE-- [fill = 0]
                  00000ef0    0000000c     (__TI_handler_table)
                  00000efc    00000004     --HOLE-- [fill = 0]
                  00000f00    00000008     (.cinit..bss.load) [load image, compression = zero_init]
                  00000f08    00000010     (__TI_cinit_table)

.init_array 
*          0    00000000    00000000     UNINITIALIZED

.stack     0    20000000    00000200     UNINITIALIZED
                  20000000    00000200     --HOLE--

.data      0    20000200    00000014     UNINITIALIZED
                  20000200    00000008     rtsv7M4_T_le_v4SPD16_eabi.lib : _lock.obj (.data)
                  20000208    00000008                                   : exit.obj (.data)
                  20000210    00000004                                   : stkdepth_vars.obj (.data)

.bss       0    20000214    00000004     UNINITIALIZED
                  20000214    00000004     (.common:sample)

.TI.persistent 
*          0    20000200    00000000     UNINITIALIZED

.TI.noinit 
*          0    20000214    00000000     UNINITIALIZED


LINKER GENERATED COPY TABLES

__TI_cinit_table @ 00000f08 records: 2, size/record: 8, table size: 16
	.data: load addr=00000ee0, load size=0000000f bytes, run addr=20000200, run size=00000014 bytes, compression=rle
	.bss: load addr=00000f00, load size=00000008 bytes, run addr=20000214, run size=00000004 bytes, compression=zero_init


LINKER GENERATED HANDLER TABLE

__TI_handler_table @ 00000ef0 records: 3, size/record: 4, table size: 12
	index: 0, handler: __TI_decompress_rle24
	index: 1, handler: __TI_decompress_none
	index: 2, handler: __TI_zero_init


GLOBAL SYMBOLS: SORTED ALPHABETICALLY BY Name 

address   name                    
-------   ----                    
00000d41  ADCIntClear             
00000cd3  ADCIntEnable            
00000b79  ADCSequenceConfigure    
00000c53  ADCSequenceDataGet      
00000cf3  ADCSequenceEnable       
00000765  ADCSequenceStepConfigure
00000b35  C$$EXIT                 
00000d1d  CPUcpsie                
0000041f  DataGet                 
00000c29  GPIODirModeSet          
0000026d  GPIOPadConfigSet        
00000aed  GPIOPinConfigure        
00000c9d  GPIOPinTypeADC          
00000caf  GPIOPinTypeSSI          
00000931  IntEnable               
00000ce3  IntMasterEnable         
00000d35  ResetISR                
UNDEFED   SHT$$INIT_ARRAY$$Base   
UNDEFED   SHT$$INIT_ARRAY$$Limit  
00000bb7  SSIConfigSetExpClk      
00000d4b  SSIDataPut              
00000d55  SSIEnable               
000003cf  SSI_Init                
000004cd  SysCtlClockGet          
000005d9  SysCtlClockSet          
00000d5f  SysCtlDelay             
00000bf5  SysCtlPeripheralEnable  
00000999  TimerConfigure          
000009f9  TimerControlTrigger     
00000d01  TimerEnable             
00000cc1  TimerLoadSet            
0000039d  Timer_Init              
20000200  __STACK_END             
00000200  __STACK_SIZE            
20000200  __STACK_TOP             
00000f08  __TI_CINIT_Base         
00000f18  __TI_CINIT_Limit        
00000ef0  __TI_Handler_Table_Base 
00000efc  __TI_Handler_Table_Limit
00000859  __TI_auto_init          
20000208  __TI_cleanup_ptr        
00000d0f  __TI_decompress_none    
00000d65  __TI_decompress_rle24   
2000020c  __TI_dtors_ptr          
00000000  __TI_static_base__      
00000d29  __TI_zero_init          
000007df  __aeabi_memclr          
000007df  __aeabi_memclr4         
000007df  __aeabi_memclr8         
000006c9  __aeabi_memcpy          
000006c9  __aeabi_memcpy4         
000006c9  __aeabi_memcpy8         
000007e1  __aeabi_memset          
000007e1  __aeabi_memset4         
000007e1  __aeabi_memset8         
ffffffff  __binit__               
ffffffff  __c_args__              
20000000  __stack                 
00000c71  _args_main              
00000a51  _c_int00                
20000200  _lock                   
00000c97  _nop                    
00000c8f  _register_lock          
00000c89  _register_unlock        
00000d6b  _system_pre_init        
20000204  _unlock                 
00000b39  abort                   
ffffffff  binit                   
00000aa1  copy_in                 
00000b41  exit                    
00000000  g_pfnVectors            
0000043f  main                    
20000210  main_func_sp            
000006c9  memcpy                  
000007e7  memset                  
20000214  sample                  


GLOBAL SYMBOLS: SORTED BY Symbol Address 

address   name                    
-------   ----                    
00000000  __TI_static_base__      
00000000  g_pfnVectors            
00000200  __STACK_SIZE            
0000026d  GPIOPadConfigSet        
0000039d  Timer_Init              
000003cf  SSI_Init                
0000041f  DataGet                 
0000043f  main                    
000004cd  SysCtlClockGet          
000005d9  SysCtlClockSet          
000006c9  __aeabi_memcpy          
000006c9  __aeabi_memcpy4         
000006c9  __aeabi_memcpy8         
000006c9  memcpy                  
00000765  ADCSequenceStepConfigure
000007df  __aeabi_memclr          
000007df  __aeabi_memclr4         
000007df  __aeabi_memclr8         
000007e1  __aeabi_memset          
000007e1  __aeabi_memset4         
000007e1  __aeabi_memset8         
000007e7  memset                  
00000859  __TI_auto_init          
00000931  IntEnable               
00000999  TimerConfigure          
000009f9  TimerControlTrigger     
00000a51  _c_int00                
00000aa1  copy_in                 
00000aed  GPIOPinConfigure        
00000b35  C$$EXIT                 
00000b39  abort                   
00000b41  exit                    
00000b79  ADCSequenceConfigure    
00000bb7  SSIConfigSetExpClk      
00000bf5  SysCtlPeripheralEnable  
00000c29  GPIODirModeSet          
00000c53  ADCSequenceDataGet      
00000c71  _args_main              
00000c89  _register_unlock        
00000c8f  _register_lock          
00000c97  _nop                    
00000c9d  GPIOPinTypeADC          
00000caf  GPIOPinTypeSSI          
00000cc1  TimerLoadSet            
00000cd3  ADCIntEnable            
00000ce3  IntMasterEnable         
00000cf3  ADCSequenceEnable       
00000d01  TimerEnable             
00000d0f  __TI_decompress_none    
00000d1d  CPUcpsie                
00000d29  __TI_zero_init          
00000d35  ResetISR                
00000d41  ADCIntClear             
00000d4b  SSIDataPut              
00000d55  SSIEnable               
00000d5f  SysCtlDelay             
00000d65  __TI_decompress_rle24   
00000d6b  _system_pre_init        
00000ef0  __TI_Handler_Table_Base 
00000efc  __TI_Handler_Table_Limit
00000f08  __TI_CINIT_Base         
00000f18  __TI_CINIT_Limit        
20000000  __stack                 
20000200  __STACK_END             
20000200  __STACK_TOP             
20000200  _lock                   
20000204  _unlock                 
20000208  __TI_cleanup_ptr        
2000020c  __TI_dtors_ptr          
20000210  main_func_sp            
20000214  sample                  
ffffffff  __binit__               
ffffffff  __c_args__              
ffffffff  binit                   
UNDEFED   SHT$$INIT_ARRAY$$Base   
UNDEFED   SHT$$INIT_ARRAY$$Limit  

[76 symbols]
