******************************************************************************
                  TI ARM Linker PC v5.2.2                      
******************************************************************************
>> Linked Fri Jul 07 19:08:52 2017

OUTPUT FILE NAME:   <08_PWM_DC.out>
ENTRY POINT SYMBOL: "_c_int00"  address: 0000074d


MEMORY CONFIGURATION

         name            origin    length      used     unused   attr    fill
----------------------  --------  ---------  --------  --------  ----  --------
  FLASH                 00000000   00040000  00000a92  0003f56e  R  X
  SRAM                  20000000   00008000  0000021d  00007de3  RW X


SEGMENT ALLOCATION MAP

run origin  load origin   length   init length attrs members
----------  ----------- ---------- ----------- ----- -------
00000000    00000000    00000a98   00000a98    r-x
  00000000    00000000    0000026c   0000026c    r-- .intvecs
  0000026c    0000026c    0000075e   0000075e    r-x .text
  000009cc    000009cc    00000090   00000090    r-- .const
  00000a60    00000a60    00000038   00000038    r-- .cinit
20000000    20000000    00000220   00000000    rw-
  20000000    20000000    00000200   00000000    rw- .stack
  20000200    20000200    00000015   00000000    rw- .data
  20000218    20000218    00000008   00000000    rw- .bss


SECTION ALLOCATION MAP

 output                                  attributes/
section   page    origin      length       input sections
--------  ----  ----------  ----------   ----------------
.intvecs   0    00000000    0000026c     
                  00000000    0000026c     tm4c123gh6pm_startup_ccs.obj (.intvecs)

.text      0    0000026c    0000075e     
                  0000026c    00000130     driverlib.lib : gpio.obj (.text:GPIOPadConfigSet)
                  0000039c    000000f0                   : sysctl.obj (.text:SysCtlClockSet)
                  0000048c    000000d0     main.obj (.text)
                  0000055c    0000009c     rtsv7M4_T_le_v4SPD16_eabi.lib : memcpy_t2.obj (.text)
                  000005f8    0000007a                                   : memset_t2.obj (.text)
                  00000672    00000002     --HOLE-- [fill = 0]
                  00000674    0000006c                                   : autoinit.obj (.text)
                  000006e0    0000006a                                   : copy_decompress_rle.obj (.text)
                  0000074a    00000002     --HOLE-- [fill = 0]
                  0000074c    00000050                                   : boot.obj (.text)
                  0000079c    0000004c                                   : cpy_tbl.obj (.text)
                  000007e8    00000048     driverlib.lib : gpio.obj (.text:GPIOPinConfigure)
                  00000830    00000044     rtsv7M4_T_le_v4SPD16_eabi.lib : exit.obj (.text)
                  00000874    00000034     driverlib.lib : sysctl.obj (.text:SysCtlPeripheralEnable)
                  000008a8    0000002a                   : gpio.obj (.text:GPIODirModeSet)
                  000008d2    00000022                   : pwm.obj (.text:PWMGenConfigure)
                  000008f4    0000001e                   : pwm.obj (.text:PWMPulseWidthSet)
                  00000912    00000002     --HOLE-- [fill = 0]
                  00000914    00000018     rtsv7M4_T_le_v4SPD16_eabi.lib : args_main.obj (.text)
                  0000092c    00000014     driverlib.lib : sysctl.obj (.text:SysCtlPWMClockSet)
                  00000940    00000014     rtsv7M4_T_le_v4SPD16_eabi.lib : _lock.obj (.text)
                  00000954    00000012     driverlib.lib : gpio.obj (.text:GPIOPinTypePWM)
                  00000966    00000012                   : pwm.obj (.text:PWMOutputState)
                  00000978    00000010                   : pwm.obj (.text:PWMGenPeriodSet)
                  00000988    0000000e     rtsv7M4_T_le_v4SPD16_eabi.lib : copy_decompress_none.obj (.text:decompress:none)
                  00000996    0000000c     driverlib.lib : pwm.obj (.text:PWMGenEnable)
                  000009a2    0000000c     rtsv7M4_T_le_v4SPD16_eabi.lib : copy_zero_init.obj (.text:decompress:ZI)
                  000009ae    0000000c     tm4c123gh6pm_startup_ccs.obj (.text)
                  000009ba    00000006     driverlib.lib : sysctl.obj (.text:SysCtlDelay)
                  000009c0    00000006     rtsv7M4_T_le_v4SPD16_eabi.lib : copy_decompress_rle.obj (.text:decompress:rle24)
                  000009c6    00000004                                   : pre_init.obj (.text)

.const     0    000009cc    00000090     
                  000009cc    00000090     driverlib.lib : gpio.obj (.const:g_pui32GPIOBaseAddrs)

.cinit     0    00000a60    00000038     
                  00000a60    00000010     (.cinit..data.load) [load image, compression = rle]
                  00000a70    0000000c     (__TI_handler_table)
                  00000a7c    00000004     --HOLE-- [fill = 0]
                  00000a80    00000008     (.cinit..bss.load) [load image, compression = zero_init]
                  00000a88    00000010     (__TI_cinit_table)

.init_array 
*          0    00000000    00000000     UNINITIALIZED

.stack     0    20000000    00000200     UNINITIALIZED
                  20000000    00000200     --HOLE--

.data      0    20000200    00000015     UNINITIALIZED
                  20000200    00000008     rtsv7M4_T_le_v4SPD16_eabi.lib : _lock.obj (.data)
                  20000208    00000008                                   : exit.obj (.data)
                  20000210    00000004                                   : stkdepth_vars.obj (.data)
                  20000214    00000001     main.obj (.data)

.bss       0    20000218    00000008     UNINITIALIZED
                  20000218    00000004     (.common:LoadDC)
                  2000021c    00000004     (.common:PWMClock)

.TI.persistent 
*          0    20000200    00000000     UNINITIALIZED

.TI.noinit 
*          0    20000218    00000000     UNINITIALIZED


LINKER GENERATED COPY TABLES

__TI_cinit_table @ 00000a88 records: 2, size/record: 8, table size: 16
	.data: load addr=00000a60, load size=00000010 bytes, run addr=20000200, run size=00000015 bytes, compression=rle
	.bss: load addr=00000a80, load size=00000008 bytes, run addr=20000218, run size=00000008 bytes, compression=zero_init


LINKER GENERATED HANDLER TABLE

__TI_handler_table @ 00000a70 records: 3, size/record: 4, table size: 12
	index: 0, handler: __TI_decompress_rle24
	index: 1, handler: __TI_decompress_none
	index: 2, handler: __TI_zero_init


GLOBAL SYMBOLS: SORTED ALPHABETICALLY BY Name 

address   name                    
-------   ----                    
00000831  C$$EXIT                 
20000214  Duty_Cycle              
000008a9  GPIODirModeSet          
0000026d  GPIOPadConfigSet        
000007e9  GPIOPinConfigure        
00000955  GPIOPinTypePWM          
20000218  LoadDC                  
2000021c  PWMClock                
000008d3  PWMGenConfigure         
00000997  PWMGenEnable            
00000979  PWMGenPeriodSet         
00000967  PWMOutputState          
000008f5  PWMPulseWidthSet        
0000048d  PWM_Init                
000009af  ResetISR                
UNDEFED   SHT$$INIT_ARRAY$$Base   
UNDEFED   SHT$$INIT_ARRAY$$Limit  
0000039d  SysCtlClockSet          
000009bb  SysCtlDelay             
0000092d  SysCtlPWMClockSet       
00000875  SysCtlPeripheralEnable  
20000200  __STACK_END             
00000200  __STACK_SIZE            
20000200  __STACK_TOP             
00000a88  __TI_CINIT_Base         
00000a98  __TI_CINIT_Limit        
00000a70  __TI_Handler_Table_Base 
00000a7c  __TI_Handler_Table_Limit
00000675  __TI_auto_init          
20000208  __TI_cleanup_ptr        
00000989  __TI_decompress_none    
000009c1  __TI_decompress_rle24   
2000020c  __TI_dtors_ptr          
00000000  __TI_static_base__      
000009a3  __TI_zero_init          
000005f9  __aeabi_memclr          
000005f9  __aeabi_memclr4         
000005f9  __aeabi_memclr8         
0000055d  __aeabi_memcpy          
0000055d  __aeabi_memcpy4         
0000055d  __aeabi_memcpy8         
000005fb  __aeabi_memset          
000005fb  __aeabi_memset4         
000005fb  __aeabi_memset8         
ffffffff  __binit__               
ffffffff  __c_args__              
20000000  __stack                 
00000915  _args_main              
0000074d  _c_int00                
20000200  _lock                   
0000094f  _nop                    
00000947  _register_lock          
00000941  _register_unlock        
000009c7  _system_pre_init        
20000204  _unlock                 
00000835  abort                   
ffffffff  binit                   
0000079d  copy_in                 
0000083d  exit                    
00000000  g_pfnVectors            
000004db  main                    
20000210  main_func_sp            
0000055d  memcpy                  
00000601  memset                  


GLOBAL SYMBOLS: SORTED BY Symbol Address 

address   name                    
-------   ----                    
00000000  __TI_static_base__      
00000000  g_pfnVectors            
00000200  __STACK_SIZE            
0000026d  GPIOPadConfigSet        
0000039d  SysCtlClockSet          
0000048d  PWM_Init                
000004db  main                    
0000055d  __aeabi_memcpy          
0000055d  __aeabi_memcpy4         
0000055d  __aeabi_memcpy8         
0000055d  memcpy                  
000005f9  __aeabi_memclr          
000005f9  __aeabi_memclr4         
000005f9  __aeabi_memclr8         
000005fb  __aeabi_memset          
000005fb  __aeabi_memset4         
000005fb  __aeabi_memset8         
00000601  memset                  
00000675  __TI_auto_init          
0000074d  _c_int00                
0000079d  copy_in                 
000007e9  GPIOPinConfigure        
00000831  C$$EXIT                 
00000835  abort                   
0000083d  exit                    
00000875  SysCtlPeripheralEnable  
000008a9  GPIODirModeSet          
000008d3  PWMGenConfigure         
000008f5  PWMPulseWidthSet        
00000915  _args_main              
0000092d  SysCtlPWMClockSet       
00000941  _register_unlock        
00000947  _register_lock          
0000094f  _nop                    
00000955  GPIOPinTypePWM          
00000967  PWMOutputState          
00000979  PWMGenPeriodSet         
00000989  __TI_decompress_none    
00000997  PWMGenEnable            
000009a3  __TI_zero_init          
000009af  ResetISR                
000009bb  SysCtlDelay             
000009c1  __TI_decompress_rle24   
000009c7  _system_pre_init        
00000a70  __TI_Handler_Table_Base 
00000a7c  __TI_Handler_Table_Limit
00000a88  __TI_CINIT_Base         
00000a98  __TI_CINIT_Limit        
20000000  __stack                 
20000200  __STACK_END             
20000200  __STACK_TOP             
20000200  _lock                   
20000204  _unlock                 
20000208  __TI_cleanup_ptr        
2000020c  __TI_dtors_ptr          
20000210  main_func_sp            
20000214  Duty_Cycle              
20000218  LoadDC                  
2000021c  PWMClock                
ffffffff  __binit__               
ffffffff  __c_args__              
ffffffff  binit                   
UNDEFED   SHT$$INIT_ARRAY$$Base   
UNDEFED   SHT$$INIT_ARRAY$$Limit  

[64 symbols]
