******************************************************************************
                  TI ARM Linker PC v5.2.2                      
******************************************************************************
>> Linked Sun Feb 26 20:30:18 2017

OUTPUT FILE NAME:   <7_ADC_SS1.out>
ENTRY POINT SYMBOL: "_c_int00"  address: 000006a5


MEMORY CONFIGURATION

         name            origin    length      used     unused   attr    fill
----------------------  --------  ---------  --------  --------  ----  --------
  FLASH                 00000000   00040000  0000090e  0003f6f2  R  X
  SRAM                  20000000   00008000  0000022a  00007dd6  RW X


SEGMENT ALLOCATION MAP

run origin  load origin   length   init length attrs members
----------  ----------- ---------- ----------- ----- -------
00000000    00000000    00000910   00000910    r-x
  00000000    00000000    0000026c   0000026c    r-- .intvecs
  0000026c    0000026c    0000066a   0000066a    r-x .text
  000008d8    000008d8    00000038   00000038    r-- .cinit
20000000    20000000    0000022c   00000000    rw-
  20000000    20000000    00000200   00000000    rw- .stack
  20000200    20000200    00000016   00000000    rw- .bss
  20000218    20000218    00000014   00000000    rw- .data


SECTION ALLOCATION MAP

 output                                  attributes/
section   page    origin      length       input sections
--------  ----  ----------  ----------   ----------------
.intvecs   0    00000000    0000026c     
                  00000000    0000026c     tm4c123gh6pm_startup_ccs.obj (.intvecs)

.text      0    0000026c    0000066a     
                  0000026c    000000f0     driverlib.lib : sysctl.obj (.text:SysCtlClockSet)
                  0000035c    000000e0     main.obj (.text)
                  0000043c    0000009c     rtsv7M4_T_le_v4SPD16_eabi.lib : memcpy_t2.obj (.text)
                  000004d8    0000007a     driverlib.lib : adc.obj (.text:ADCSequenceStepConfigure)
                  00000552    0000007a     rtsv7M4_T_le_v4SPD16_eabi.lib : memset_t2.obj (.text)
                  000005cc    0000006c                                   : autoinit.obj (.text)
                  00000638    0000006a                                   : copy_decompress_rle.obj (.text)
                  000006a2    00000002     --HOLE-- [fill = 0]
                  000006a4    00000050                                   : boot.obj (.text)
                  000006f4    0000004c                                   : cpy_tbl.obj (.text)
                  00000740    00000044                                   : exit.obj (.text)
                  00000784    0000003e     driverlib.lib : adc.obj (.text:ADCSequenceConfigure)
                  000007c2    00000002     --HOLE-- [fill = 0]
                  000007c4    00000034                   : sysctl.obj (.text:SysCtlPeripheralEnable)
                  000007f8    0000002e                   : adc.obj (.text:ADCIntStatus)
                  00000826    0000001e                   : adc.obj (.text:ADCSequenceDataGet)
                  00000844    00000018                   : adc.obj (.text:ADCProcessorTrigger)
                  0000085c    00000018     rtsv7M4_T_le_v4SPD16_eabi.lib : args_main.obj (.text)
                  00000874    00000014                                   : _lock.obj (.text)
                  00000888    0000000e     driverlib.lib : adc.obj (.text:ADCSequenceEnable)
                  00000896    0000000e     rtsv7M4_T_le_v4SPD16_eabi.lib : copy_decompress_none.obj (.text:decompress:none)
                  000008a4    0000000c                                   : copy_zero_init.obj (.text:decompress:ZI)
                  000008b0    0000000c     tm4c123gh6pm_startup_ccs.obj (.text)
                  000008bc    0000000a     driverlib.lib : adc.obj (.text:ADCIntClear)
                  000008c6    00000006                   : sysctl.obj (.text:SysCtlDelay)
                  000008cc    00000006     rtsv7M4_T_le_v4SPD16_eabi.lib : copy_decompress_rle.obj (.text:decompress:rle24)
                  000008d2    00000004                                   : pre_init.obj (.text)

.cinit     0    000008d8    00000038     
                  000008d8    0000000f     (.cinit..data.load) [load image, compression = rle]
                  000008e7    00000001     --HOLE-- [fill = 0]
                  000008e8    0000000c     (__TI_handler_table)
                  000008f4    00000004     --HOLE-- [fill = 0]
                  000008f8    00000008     (.cinit..bss.load) [load image, compression = zero_init]
                  00000900    00000010     (__TI_cinit_table)

.init_array 
*          0    00000000    00000000     UNINITIALIZED

.stack     0    20000000    00000200     UNINITIALIZED
                  20000000    00000200     --HOLE--

.bss       0    20000200    00000016     UNINITIALIZED
                  20000200    00000010     (.common:sample)
                  20000210    00000004     (.common:Promedio)
                  20000214    00000002     (.common:Centigrados)

.TI.noinit 
*          0    20000200    00000000     UNINITIALIZED

.data      0    20000218    00000014     UNINITIALIZED
                  20000218    00000008     rtsv7M4_T_le_v4SPD16_eabi.lib : _lock.obj (.data)
                  20000220    00000008                                   : exit.obj (.data)
                  20000228    00000004                                   : stkdepth_vars.obj (.data)

.TI.persistent 
*          0    20000218    00000000     UNINITIALIZED


LINKER GENERATED COPY TABLES

__TI_cinit_table @ 00000900 records: 2, size/record: 8, table size: 16
	.data: load addr=000008d8, load size=0000000f bytes, run addr=20000218, run size=00000014 bytes, compression=rle
	.bss: load addr=000008f8, load size=00000008 bytes, run addr=20000200, run size=00000016 bytes, compression=zero_init


LINKER GENERATED HANDLER TABLE

__TI_handler_table @ 000008e8 records: 3, size/record: 4, table size: 12
	index: 0, handler: __TI_decompress_rle24
	index: 1, handler: __TI_decompress_none
	index: 2, handler: __TI_zero_init


GLOBAL SYMBOLS: SORTED ALPHABETICALLY BY Name 

address   name                    
-------   ----                    
000008bd  ADCIntClear             
000007f9  ADCIntStatus            
00000845  ADCProcessorTrigger     
00000785  ADCSequenceConfigure    
00000827  ADCSequenceDataGet      
00000889  ADCSequenceEnable       
000004d9  ADCSequenceStepConfigure
00000741  C$$EXIT                 
20000214  Centigrados             
20000210  Promedio                
000008b1  ResetISR                
UNDEFED   SHT$$INIT_ARRAY$$Base   
UNDEFED   SHT$$INIT_ARRAY$$Limit  
0000026d  SysCtlClockSet          
000008c7  SysCtlDelay             
000007c5  SysCtlPeripheralEnable  
20000200  __STACK_END             
00000200  __STACK_SIZE            
20000200  __STACK_TOP             
00000900  __TI_CINIT_Base         
00000910  __TI_CINIT_Limit        
000008e8  __TI_Handler_Table_Base 
000008f4  __TI_Handler_Table_Limit
000005cd  __TI_auto_init          
20000220  __TI_cleanup_ptr        
00000897  __TI_decompress_none    
000008cd  __TI_decompress_rle24   
20000224  __TI_dtors_ptr          
00000000  __TI_static_base__      
000008a5  __TI_zero_init          
00000553  __aeabi_memclr          
00000553  __aeabi_memclr4         
00000553  __aeabi_memclr8         
0000043d  __aeabi_memcpy          
0000043d  __aeabi_memcpy4         
0000043d  __aeabi_memcpy8         
00000555  __aeabi_memset          
00000555  __aeabi_memset4         
00000555  __aeabi_memset8         
ffffffff  __binit__               
ffffffff  __c_args__              
20000000  __stack                 
0000085d  _args_main              
000006a5  _c_int00                
20000218  _lock                   
00000883  _nop                    
0000087b  _register_lock          
00000875  _register_unlock        
000008d3  _system_pre_init        
2000021c  _unlock                 
00000745  abort                   
ffffffff  binit                   
000006f5  copy_in                 
0000074d  exit                    
00000000  g_pfnVectors            
0000035d  main                    
20000228  main_func_sp            
0000043d  memcpy                  
0000055b  memset                  
20000200  sample                  


GLOBAL SYMBOLS: SORTED BY Symbol Address 

address   name                    
-------   ----                    
00000000  __TI_static_base__      
00000000  g_pfnVectors            
00000200  __STACK_SIZE            
0000026d  SysCtlClockSet          
0000035d  main                    
0000043d  __aeabi_memcpy          
0000043d  __aeabi_memcpy4         
0000043d  __aeabi_memcpy8         
0000043d  memcpy                  
000004d9  ADCSequenceStepConfigure
00000553  __aeabi_memclr          
00000553  __aeabi_memclr4         
00000553  __aeabi_memclr8         
00000555  __aeabi_memset          
00000555  __aeabi_memset4         
00000555  __aeabi_memset8         
0000055b  memset                  
000005cd  __TI_auto_init          
000006a5  _c_int00                
000006f5  copy_in                 
00000741  C$$EXIT                 
00000745  abort                   
0000074d  exit                    
00000785  ADCSequenceConfigure    
000007c5  SysCtlPeripheralEnable  
000007f9  ADCIntStatus            
00000827  ADCSequenceDataGet      
00000845  ADCProcessorTrigger     
0000085d  _args_main              
00000875  _register_unlock        
0000087b  _register_lock          
00000883  _nop                    
00000889  ADCSequenceEnable       
00000897  __TI_decompress_none    
000008a5  __TI_zero_init          
000008b1  ResetISR                
000008bd  ADCIntClear             
000008c7  SysCtlDelay             
000008cd  __TI_decompress_rle24   
000008d3  _system_pre_init        
000008e8  __TI_Handler_Table_Base 
000008f4  __TI_Handler_Table_Limit
00000900  __TI_CINIT_Base         
00000910  __TI_CINIT_Limit        
20000000  __stack                 
20000200  __STACK_END             
20000200  __STACK_TOP             
20000200  sample                  
20000210  Promedio                
20000214  Centigrados             
20000218  _lock                   
2000021c  _unlock                 
20000220  __TI_cleanup_ptr        
20000224  __TI_dtors_ptr          
20000228  main_func_sp            
ffffffff  __binit__               
ffffffff  __c_args__              
ffffffff  binit                   
UNDEFED   SHT$$INIT_ARRAY$$Base   
UNDEFED   SHT$$INIT_ARRAY$$Limit  

[60 symbols]
