******************************************************************************
                  TI ARM Linker PC v5.2.2                      
******************************************************************************
>> Linked Sun Feb 26 20:26:22 2017

OUTPUT FILE NAME:   <6_ADC.out>
ENTRY POINT SYMBOL: "_c_int00"  address: 000008d5


MEMORY CONFIGURATION

         name            origin    length      used     unused   attr    fill
----------------------  --------  ---------  --------  --------  ----  --------
  FLASH                 00000000   00040000  00000bf0  0003f410  R  X
  SRAM                  20000000   00008000  00000218  00007de8  RW X


SEGMENT ALLOCATION MAP

run origin  load origin   length   init length attrs members
----------  ----------- ---------- ----------- ----- -------
00000000    00000000    00000bf0   00000bf0    r-x
  00000000    00000000    0000026c   0000026c    r-- .intvecs
  0000026c    0000026c    000008dc   000008dc    r-x .text
  00000b48    00000b48    00000070   00000070    r-- .const
  00000bb8    00000bb8    00000038   00000038    r-- .cinit
20000000    20000000    00000218   00000000    rw-
  20000000    20000000    00000200   00000000    rw- .stack
  20000200    20000200    00000014   00000000    rw- .data
  20000214    20000214    00000004   00000000    rw- .bss


SECTION ALLOCATION MAP

 output                                  attributes/
section   page    origin      length       input sections
--------  ----  ----------  ----------   ----------------
.intvecs   0    00000000    0000026c     
                  00000000    0000026c     tm4c123gh6pm_startup_ccs.obj (.intvecs)

.text      0    0000026c    000008dc     
                  0000026c    00000130     driverlib.lib : gpio.obj (.text:GPIOPadConfigSet)
                  0000039c    000000f0                   : sysctl.obj (.text:SysCtlClockSet)
                  0000048c    000000c0     main.obj (.text)
                  0000054c    0000009c     rtsv7M4_T_le_v4SPD16_eabi.lib : memcpy_t2.obj (.text)
                  000005e8    0000007a     driverlib.lib : adc.obj (.text:ADCSequenceStepConfigure)
                  00000662    0000007a     rtsv7M4_T_le_v4SPD16_eabi.lib : memset_t2.obj (.text)
                  000006dc    0000006c                                   : autoinit.obj (.text)
                  00000748    0000006a                                   : copy_decompress_rle.obj (.text)
                  000007b2    00000002     --HOLE-- [fill = 0]
                  000007b4    00000068     driverlib.lib : interrupt.obj (.text:IntEnable)
                  0000081c    00000060                   : timer.obj (.text:TimerConfigure)
                  0000087c    00000058                   : timer.obj (.text:TimerControlTrigger)
                  000008d4    00000050     rtsv7M4_T_le_v4SPD16_eabi.lib : boot.obj (.text)
                  00000924    0000004c                                   : cpy_tbl.obj (.text)
                  00000970    00000044                                   : exit.obj (.text)
                  000009b4    0000003e     driverlib.lib : adc.obj (.text:ADCSequenceConfigure)
                  000009f2    00000002     --HOLE-- [fill = 0]
                  000009f4    00000034                   : sysctl.obj (.text:SysCtlPeripheralEnable)
                  00000a28    0000002a                   : gpio.obj (.text:GPIODirModeSet)
                  00000a52    0000001e                   : adc.obj (.text:ADCSequenceDataGet)
                  00000a70    00000018     rtsv7M4_T_le_v4SPD16_eabi.lib : args_main.obj (.text)
                  00000a88    00000014                                   : _lock.obj (.text)
                  00000a9c    00000012     driverlib.lib : gpio.obj (.text:GPIOPinTypeADC)
                  00000aae    00000012                   : timer.obj (.text:TimerLoadSet)
                  00000ac0    00000010                   : adc.obj (.text:ADCIntEnable)
                  00000ad0    00000010                   : interrupt.obj (.text:IntMasterEnable)
                  00000ae0    0000000e                   : adc.obj (.text:ADCSequenceEnable)
                  00000aee    0000000e                   : timer.obj (.text:TimerEnable)
                  00000afc    0000000e     rtsv7M4_T_le_v4SPD16_eabi.lib : copy_decompress_none.obj (.text:decompress:none)
                  00000b0a    0000000c     driverlib.lib : cpu.obj (.text:CPUcpsie)
                  00000b16    0000000c     rtsv7M4_T_le_v4SPD16_eabi.lib : copy_zero_init.obj (.text:decompress:ZI)
                  00000b22    0000000c     tm4c123gh6pm_startup_ccs.obj (.text)
                  00000b2e    0000000a     driverlib.lib : adc.obj (.text:ADCIntClear)
                  00000b38    00000006                   : sysctl.obj (.text:SysCtlDelay)
                  00000b3e    00000006     rtsv7M4_T_le_v4SPD16_eabi.lib : copy_decompress_rle.obj (.text:decompress:rle24)
                  00000b44    00000004                                   : pre_init.obj (.text)

.const     0    00000b48    00000070     
                  00000b48    00000070     driverlib.lib : interrupt.obj (.const)

.cinit     0    00000bb8    00000038     
                  00000bb8    0000000f     (.cinit..data.load) [load image, compression = rle]
                  00000bc7    00000001     --HOLE-- [fill = 0]
                  00000bc8    0000000c     (__TI_handler_table)
                  00000bd4    00000004     --HOLE-- [fill = 0]
                  00000bd8    00000008     (.cinit..bss.load) [load image, compression = zero_init]
                  00000be0    00000010     (__TI_cinit_table)

.init_array 
*          0    00000000    00000000     UNINITIALIZED

.stack     0    20000000    00000200     UNINITIALIZED
                  20000000    00000200     --HOLE--

.data      0    20000200    00000014     UNINITIALIZED
                  20000200    00000008     rtsv7M4_T_le_v4SPD16_eabi.lib : _lock.obj (.data)
                  20000208    00000008                                   : exit.obj (.data)
                  20000210    00000004                                   : stkdepth_vars.obj (.data)

.bss       0    20000214    00000004     UNINITIALIZED
                  20000214    00000004     (.common:sample)

.TI.persistent 
*          0    20000200    00000000     UNINITIALIZED

.TI.noinit 
*          0    20000214    00000000     UNINITIALIZED


LINKER GENERATED COPY TABLES

__TI_cinit_table @ 00000be0 records: 2, size/record: 8, table size: 16
	.data: load addr=00000bb8, load size=0000000f bytes, run addr=20000200, run size=00000014 bytes, compression=rle
	.bss: load addr=00000bd8, load size=00000008 bytes, run addr=20000214, run size=00000004 bytes, compression=zero_init


LINKER GENERATED HANDLER TABLE

__TI_handler_table @ 00000bc8 records: 3, size/record: 4, table size: 12
	index: 0, handler: __TI_decompress_rle24
	index: 1, handler: __TI_decompress_none
	index: 2, handler: __TI_zero_init


GLOBAL SYMBOLS: SORTED ALPHABETICALLY BY Name 

address   name                    
-------   ----                    
00000b2f  ADCIntClear             
00000ac1  ADCIntEnable            
000009b5  ADCSequenceConfigure    
00000a53  ADCSequenceDataGet      
00000ae1  ADCSequenceEnable       
000005e9  ADCSequenceStepConfigure
00000971  C$$EXIT                 
00000b0b  CPUcpsie                
000004bf  DataGet                 
00000a29  GPIODirModeSet          
0000026d  GPIOPadConfigSet        
00000a9d  GPIOPinTypeADC          
000007b5  IntEnable               
00000ad1  IntMasterEnable         
00000b23  ResetISR                
UNDEFED   SHT$$INIT_ARRAY$$Base   
UNDEFED   SHT$$INIT_ARRAY$$Limit  
0000039d  SysCtlClockSet          
00000b39  SysCtlDelay             
000009f5  SysCtlPeripheralEnable  
0000081d  TimerConfigure          
0000087d  TimerControlTrigger     
00000aef  TimerEnable             
00000aaf  TimerLoadSet            
0000048d  Timer_Init              
20000200  __STACK_END             
00000200  __STACK_SIZE            
20000200  __STACK_TOP             
00000be0  __TI_CINIT_Base         
00000bf0  __TI_CINIT_Limit        
00000bc8  __TI_Handler_Table_Base 
00000bd4  __TI_Handler_Table_Limit
000006dd  __TI_auto_init          
20000208  __TI_cleanup_ptr        
00000afd  __TI_decompress_none    
00000b3f  __TI_decompress_rle24   
2000020c  __TI_dtors_ptr          
00000000  __TI_static_base__      
00000b17  __TI_zero_init          
00000663  __aeabi_memclr          
00000663  __aeabi_memclr4         
00000663  __aeabi_memclr8         
0000054d  __aeabi_memcpy          
0000054d  __aeabi_memcpy4         
0000054d  __aeabi_memcpy8         
00000665  __aeabi_memset          
00000665  __aeabi_memset4         
00000665  __aeabi_memset8         
ffffffff  __binit__               
ffffffff  __c_args__              
20000000  __stack                 
00000a71  _args_main              
000008d5  _c_int00                
20000200  _lock                   
00000a97  _nop                    
00000a8f  _register_lock          
00000a89  _register_unlock        
00000b45  _system_pre_init        
20000204  _unlock                 
00000975  abort                   
ffffffff  binit                   
00000925  copy_in                 
0000097d  exit                    
00000000  g_pfnVectors            
000004d5  main                    
20000210  main_func_sp            
0000054d  memcpy                  
0000066b  memset                  
20000214  sample                  


GLOBAL SYMBOLS: SORTED BY Symbol Address 

address   name                    
-------   ----                    
00000000  __TI_static_base__      
00000000  g_pfnVectors            
00000200  __STACK_SIZE            
0000026d  GPIOPadConfigSet        
0000039d  SysCtlClockSet          
0000048d  Timer_Init              
000004bf  DataGet                 
000004d5  main                    
0000054d  __aeabi_memcpy          
0000054d  __aeabi_memcpy4         
0000054d  __aeabi_memcpy8         
0000054d  memcpy                  
000005e9  ADCSequenceStepConfigure
00000663  __aeabi_memclr          
00000663  __aeabi_memclr4         
00000663  __aeabi_memclr8         
00000665  __aeabi_memset          
00000665  __aeabi_memset4         
00000665  __aeabi_memset8         
0000066b  memset                  
000006dd  __TI_auto_init          
000007b5  IntEnable               
0000081d  TimerConfigure          
0000087d  TimerControlTrigger     
000008d5  _c_int00                
00000925  copy_in                 
00000971  C$$EXIT                 
00000975  abort                   
0000097d  exit                    
000009b5  ADCSequenceConfigure    
000009f5  SysCtlPeripheralEnable  
00000a29  GPIODirModeSet          
00000a53  ADCSequenceDataGet      
00000a71  _args_main              
00000a89  _register_unlock        
00000a8f  _register_lock          
00000a97  _nop                    
00000a9d  GPIOPinTypeADC          
00000aaf  TimerLoadSet            
00000ac1  ADCIntEnable            
00000ad1  IntMasterEnable         
00000ae1  ADCSequenceEnable       
00000aef  TimerEnable             
00000afd  __TI_decompress_none    
00000b0b  CPUcpsie                
00000b17  __TI_zero_init          
00000b23  ResetISR                
00000b2f  ADCIntClear             
00000b39  SysCtlDelay             
00000b3f  __TI_decompress_rle24   
00000b45  _system_pre_init        
00000bc8  __TI_Handler_Table_Base 
00000bd4  __TI_Handler_Table_Limit
00000be0  __TI_CINIT_Base         
00000bf0  __TI_CINIT_Limit        
20000000  __stack                 
20000200  __STACK_END             
20000200  __STACK_TOP             
20000200  _lock                   
20000204  _unlock                 
20000208  __TI_cleanup_ptr        
2000020c  __TI_dtors_ptr          
20000210  main_func_sp            
20000214  sample                  
ffffffff  __binit__               
ffffffff  __c_args__              
ffffffff  binit                   
UNDEFED   SHT$$INIT_ARRAY$$Base   
UNDEFED   SHT$$INIT_ARRAY$$Limit  

[69 symbols]
