******************************************************************************
                  TI ARM Linker PC v5.2.8                      
******************************************************************************
>> Linked Thu Oct 27 19:44:49 2016

OUTPUT FILE NAME:   <Ejemplo_ADC.out>
ENTRY POINT SYMBOL: "_c_int00"  address: 000008e1


MEMORY CONFIGURATION

         name            origin    length      used     unused   attr    fill
----------------------  --------  ---------  --------  --------  ----  --------
  FLASH                 00000000   00040000  00000be0  0003f420  R  X
  SRAM                  20000000   00008000  00000216  00007dea  RW X


SEGMENT ALLOCATION MAP

run origin  load origin   length   init length attrs members
----------  ----------- ---------- ----------- ----- -------
00000000    00000000    00000be0   00000be0    r-x
  00000000    00000000    0000026c   0000026c    r-- .intvecs
  0000026c    0000026c    000008cc   000008cc    r-x .text
  00000b38    00000b38    00000070   00000070    r-- .const
  00000ba8    00000ba8    00000038   00000038    r-- .cinit
20000000    20000000    00000216   00000000    rw-
  20000000    20000000    00000200   00000000    rw- .stack
  20000200    20000200    00000014   00000000    rw- .data
  20000214    20000214    00000002   00000000    rw- .bss


SECTION ALLOCATION MAP

 output                                  attributes/
section   page    origin      length       input sections
--------  ----  ----------  ----------   ----------------
.intvecs   0    00000000    0000026c     
                  00000000    0000026c     tm4c123gh6pm_startup_ccs.obj (.intvecs)

.text      0    0000026c    000008cc     
                  0000026c    00000130     driverlib.lib : gpio.obj (.text:GPIOPadConfigSet)
                  0000039c    000000f0                   : sysctl.obj (.text:SysCtlClockSet)
                  0000048c    000000cc     main.obj (.text)
                  00000558    0000009c     rtsv7M4_T_le_v4SPD16_eabi.lib : memcpy_t2.obj (.text)
                  000005f4    0000007a     driverlib.lib : adc.obj (.text:ADCSequenceStepConfigure)
                  0000066e    0000007a     rtsv7M4_T_le_v4SPD16_eabi.lib : memset_t2.obj (.text)
                  000006e8    0000006c                                   : autoinit.obj (.text)
                  00000754    0000006a                                   : copy_decompress_rle.obj (.text)
                  000007be    00000002     --HOLE-- [fill = 0]
                  000007c0    00000068     driverlib.lib : interrupt.obj (.text:IntEnable)
                  00000828    00000060                   : timer.obj (.text:TimerConfigure)
                  00000888    00000058                   : timer.obj (.text:TimerControlTrigger)
                  000008e0    00000050     rtsv7M4_T_le_v4SPD16_eabi.lib : boot.obj (.text)
                  00000930    0000004c                                   : cpy_tbl.obj (.text)
                  0000097c    00000044                                   : exit.obj (.text)
                  000009c0    0000003e     driverlib.lib : adc.obj (.text:ADCSequenceConfigure)
                  000009fe    00000002     --HOLE-- [fill = 0]
                  00000a00    00000034                   : sysctl.obj (.text:SysCtlPeripheralEnable)
                  00000a34    0000002a                   : gpio.obj (.text:GPIODirModeSet)
                  00000a5e    00000002     --HOLE-- [fill = 0]
                  00000a60    00000018     rtsv7M4_T_le_v4SPD16_eabi.lib : args_main.obj (.text)
                  00000a78    00000014                                   : _lock.obj (.text)
                  00000a8c    00000012     driverlib.lib : gpio.obj (.text:GPIOPinTypeADC)
                  00000a9e    00000012                   : timer.obj (.text:TimerLoadSet)
                  00000ab0    00000010                   : adc.obj (.text:ADCIntEnable)
                  00000ac0    00000010                   : interrupt.obj (.text:IntMasterEnable)
                  00000ad0    0000000e                   : adc.obj (.text:ADCSequenceEnable)
                  00000ade    0000000e                   : timer.obj (.text:TimerEnable)
                  00000aec    0000000e     rtsv7M4_T_le_v4SPD16_eabi.lib : copy_decompress_none.obj (.text:decompress:none)
                  00000afa    0000000c     driverlib.lib : cpu.obj (.text:CPUcpsie)
                  00000b06    0000000c     rtsv7M4_T_le_v4SPD16_eabi.lib : copy_zero_init.obj (.text:decompress:ZI)
                  00000b12    0000000c     tm4c123gh6pm_startup_ccs.obj (.text)
                  00000b1e    0000000a     driverlib.lib : adc.obj (.text:ADCIntClear)
                  00000b28    00000006                   : sysctl.obj (.text:SysCtlDelay)
                  00000b2e    00000006     rtsv7M4_T_le_v4SPD16_eabi.lib : copy_decompress_rle.obj (.text:decompress:rle24)
                  00000b34    00000004                                   : pre_init.obj (.text)

.const     0    00000b38    00000070     
                  00000b38    00000070     driverlib.lib : interrupt.obj (.const)

.cinit     0    00000ba8    00000038     
                  00000ba8    0000000f     (.cinit..data.load) [load image, compression = rle]
                  00000bb7    00000001     --HOLE-- [fill = 0]
                  00000bb8    0000000c     (__TI_handler_table)
                  00000bc4    00000004     --HOLE-- [fill = 0]
                  00000bc8    00000008     (.cinit..bss.load) [load image, compression = zero_init]
                  00000bd0    00000010     (__TI_cinit_table)

.init_array 
*          0    00000000    00000000     UNINITIALIZED

.stack     0    20000000    00000200     UNINITIALIZED
                  20000000    00000200     --HOLE--

.data      0    20000200    00000014     UNINITIALIZED
                  20000200    00000008     rtsv7M4_T_le_v4SPD16_eabi.lib : _lock.obj (.data)
                  20000208    00000008                                   : exit.obj (.data)
                  20000210    00000004                                   : stkdepth_vars.obj (.data)

.bss       0    20000214    00000002     UNINITIALIZED
                  20000214    00000002     (.common:sample)

.TI.persistent 
*          0    20000200    00000000     UNINITIALIZED

.TI.noinit 
*          0    20000214    00000000     UNINITIALIZED


LINKER GENERATED COPY TABLES

__TI_cinit_table @ 00000bd0 records: 2, size/record: 8, table size: 16
	.data: load addr=00000ba8, load size=0000000f bytes, run addr=20000200, run size=00000014 bytes, compression=rle
	.bss: load addr=00000bc8, load size=00000008 bytes, run addr=20000214, run size=00000002 bytes, compression=zero_init


LINKER GENERATED HANDLER TABLE

__TI_handler_table @ 00000bb8 records: 3, size/record: 4, table size: 12
	index: 0, handler: __TI_decompress_rle24
	index: 1, handler: __TI_decompress_none
	index: 2, handler: __TI_zero_init


GLOBAL SYMBOLS: SORTED ALPHABETICALLY BY Name 

address   name                    
-------   ----                    
000004a7  ADC                     
00000b1f  ADCIntClear             
00000ab1  ADCIntEnable            
000009c1  ADCSequenceConfigure    
00000ad1  ADCSequenceEnable       
000005f5  ADCSequenceStepConfigure
0000097d  C$$EXIT                 
00000afb  CPUcpsie                
000004ed  CargaTimer              
0000051f  EncargadoInterrupcion   
00000a35  GPIODirModeSet          
0000026d  GPIOPadConfigSet        
00000a8d  GPIOPinTypeADC          
000007c1  IntEnable               
00000ac1  IntMasterEnable         
00000b13  ResetISR                
UNDEFED   SHT$$INIT_ARRAY$$Base   
UNDEFED   SHT$$INIT_ARRAY$$Limit  
0000039d  SysCtlClockSet          
00000b29  SysCtlDelay             
00000a01  SysCtlPeripheralEnable  
00000829  TimerConfigure          
00000889  TimerControlTrigger     
00000adf  TimerEnable             
00000a9f  TimerLoadSet            
20000200  __STACK_END             
00000200  __STACK_SIZE            
20000200  __STACK_TOP             
00000bd0  __TI_CINIT_Base         
00000be0  __TI_CINIT_Limit        
00000bb8  __TI_Handler_Table_Base 
00000bc4  __TI_Handler_Table_Limit
000006e9  __TI_auto_init          
20000208  __TI_cleanup_ptr        
00000aed  __TI_decompress_none    
00000b2f  __TI_decompress_rle24   
2000020c  __TI_dtors_ptr          
00000000  __TI_static_base__      
00000b07  __TI_zero_init          
0000066f  __aeabi_memclr          
0000066f  __aeabi_memclr4         
0000066f  __aeabi_memclr8         
00000559  __aeabi_memcpy          
00000559  __aeabi_memcpy4         
00000559  __aeabi_memcpy8         
00000671  __aeabi_memset          
00000671  __aeabi_memset4         
00000671  __aeabi_memset8         
ffffffff  __binit__               
ffffffff  __c_args__              
20000000  __stack                 
00000a61  _args_main              
000008e1  _c_int00                
20000200  _lock                   
00000a87  _nop                    
00000a7f  _register_lock          
00000a79  _register_unlock        
00000b35  _system_pre_init        
20000204  _unlock                 
00000981  abort                   
ffffffff  binit                   
00000931  copy_in                 
00000989  exit                    
00000000  g_pfnVectors            
0000048d  main                    
20000210  main_func_sp            
00000559  memcpy                  
00000677  memset                  
20000214  sample                  


GLOBAL SYMBOLS: SORTED BY Symbol Address 

address   name                    
-------   ----                    
00000000  __TI_static_base__      
00000000  g_pfnVectors            
00000200  __STACK_SIZE            
0000026d  GPIOPadConfigSet        
0000039d  SysCtlClockSet          
0000048d  main                    
000004a7  ADC                     
000004ed  CargaTimer              
0000051f  EncargadoInterrupcion   
00000559  __aeabi_memcpy          
00000559  __aeabi_memcpy4         
00000559  __aeabi_memcpy8         
00000559  memcpy                  
000005f5  ADCSequenceStepConfigure
0000066f  __aeabi_memclr          
0000066f  __aeabi_memclr4         
0000066f  __aeabi_memclr8         
00000671  __aeabi_memset          
00000671  __aeabi_memset4         
00000671  __aeabi_memset8         
00000677  memset                  
000006e9  __TI_auto_init          
000007c1  IntEnable               
00000829  TimerConfigure          
00000889  TimerControlTrigger     
000008e1  _c_int00                
00000931  copy_in                 
0000097d  C$$EXIT                 
00000981  abort                   
00000989  exit                    
000009c1  ADCSequenceConfigure    
00000a01  SysCtlPeripheralEnable  
00000a35  GPIODirModeSet          
00000a61  _args_main              
00000a79  _register_unlock        
00000a7f  _register_lock          
00000a87  _nop                    
00000a8d  GPIOPinTypeADC          
00000a9f  TimerLoadSet            
00000ab1  ADCIntEnable            
00000ac1  IntMasterEnable         
00000ad1  ADCSequenceEnable       
00000adf  TimerEnable             
00000aed  __TI_decompress_none    
00000afb  CPUcpsie                
00000b07  __TI_zero_init          
00000b13  ResetISR                
00000b1f  ADCIntClear             
00000b29  SysCtlDelay             
00000b2f  __TI_decompress_rle24   
00000b35  _system_pre_init        
00000bb8  __TI_Handler_Table_Base 
00000bc4  __TI_Handler_Table_Limit
00000bd0  __TI_CINIT_Base         
00000be0  __TI_CINIT_Limit        
20000000  __stack                 
20000200  __STACK_END             
20000200  __STACK_TOP             
20000200  _lock                   
20000204  _unlock                 
20000208  __TI_cleanup_ptr        
2000020c  __TI_dtors_ptr          
20000210  main_func_sp            
20000214  sample                  
ffffffff  __binit__               
ffffffff  __c_args__              
ffffffff  binit                   
UNDEFED   SHT$$INIT_ARRAY$$Base   
UNDEFED   SHT$$INIT_ARRAY$$Limit  

[69 symbols]
