******************************************************************************
                  TI ARM Linker PC v5.2.2                      
******************************************************************************
>> Linked Sun Feb 26 19:29:25 2017

OUTPUT FILE NAME:   <EjemploInt.out>
ENTRY POINT SYMBOL: "_c_int00"  address: 000008ed


MEMORY CONFIGURATION

         name            origin    length      used     unused   attr    fill
----------------------  --------  ---------  --------  --------  ----  --------
  FLASH                 00000000   00040000  00000ca4  0003f35c  R  X
  SRAM                  20000000   00008000  0000021c  00007de4  RW X


SEGMENT ALLOCATION MAP

run origin  load origin   length   init length attrs members
----------  ----------- ---------- ----------- ----- -------
00000000    00000000    00000ca8   00000ca8    r-x
  00000000    00000000    0000026c   0000026c    r-- .intvecs
  0000026c    0000026c    000008a0   000008a0    r-x .text
  00000b0c    00000b0c    00000178   00000178    r-- .const
  00000c88    00000c88    00000020   00000020    r-- .cinit
20000000    20000000    0000021c   00000000    rw-
  20000000    20000000    00000200   00000000    rw- .stack
  20000200    20000200    0000001c   00000000    rw- .data


SECTION ALLOCATION MAP

 output                                  attributes/
section   page    origin      length       input sections
--------  ----  ----------  ----------   ----------------
.intvecs   0    00000000    0000026c     
                  00000000    0000026c     tm4c123gh6pm_startup_ccs.obj (.intvecs)

.text      0    0000026c    000008a0     
                  0000026c    00000130     driverlib.lib : gpio.obj (.text:GPIOPadConfigSet)
                  0000039c    0000010c                   : sysctl.obj (.text:SysCtlClockGet)
                  000004a8    000000f0                   : sysctl.obj (.text:SysCtlClockSet)
                  00000598    0000009c     main.obj (.text)
                  00000634    0000009c     rtsv7M4_T_le_v4SPD16_eabi.lib : memcpy_t2.obj (.text)
                  000006d0    0000007a                                   : memset_t2.obj (.text)
                  0000074a    00000002     --HOLE-- [fill = 0]
                  0000074c    0000006c                                   : autoinit.obj (.text)
                  000007b8    0000006a                                   : copy_decompress_rle.obj (.text)
                  00000822    00000002     --HOLE-- [fill = 0]
                  00000824    00000068     driverlib.lib : interrupt.obj (.text:IntEnable)
                  0000088c    00000060                   : timer.obj (.text:TimerConfigure)
                  000008ec    00000050     rtsv7M4_T_le_v4SPD16_eabi.lib : boot.obj (.text)
                  0000093c    0000004c                                   : cpy_tbl.obj (.text)
                  00000988    00000044                                   : exit.obj (.text)
                  000009cc    00000034     driverlib.lib : sysctl.obj (.text:SysCtlPeripheralEnable)
                  00000a00    0000002a                   : gpio.obj (.text:GPIODirModeSet)
                  00000a2a    00000002     --HOLE-- [fill = 0]
                  00000a2c    00000024                   : interrupt.obj (.text:IntPrioritySet)
                  00000a50    00000018                   : gpio.obj (.text:GPIOPinTypeGPIOOutput)
                  00000a68    00000018     rtsv7M4_T_le_v4SPD16_eabi.lib : args_main.obj (.text)
                  00000a80    00000014                                   : _lock.obj (.text)
                  00000a94    00000012     driverlib.lib : timer.obj (.text:TimerLoadSet)
                  00000aa6    00000010                   : interrupt.obj (.text:IntMasterEnable)
                  00000ab6    0000000e                   : timer.obj (.text:TimerEnable)
                  00000ac4    0000000e     rtsv7M4_T_le_v4SPD16_eabi.lib : copy_decompress_none.obj (.text:decompress:none)
                  00000ad2    0000000c     driverlib.lib : cpu.obj (.text:CPUcpsie)
                  00000ade    0000000c     tm4c123gh6pm_startup_ccs.obj (.text)
                  00000aea    00000008     driverlib.lib : timer.obj (.text:TimerIntEnable)
                  00000af2    00000006                   : gpio.obj (.text:GPIOPinWrite)
                  00000af8    00000006                   : sysctl.obj (.text:SysCtlDelay)
                  00000afe    00000006     rtsv7M4_T_le_v4SPD16_eabi.lib : copy_decompress_rle.obj (.text:decompress:rle24)
                  00000b04    00000004     driverlib.lib : timer.obj (.text:TimerIntClear)
                  00000b08    00000004     rtsv7M4_T_le_v4SPD16_eabi.lib : pre_init.obj (.text)

.const     0    00000b0c    00000178     
                  00000b0c    0000009c     driverlib.lib : interrupt.obj (.const:g_pui32Regs)
                  00000ba8    00000070                   : interrupt.obj (.const)
                  00000c18    0000006c                   : sysctl.obj (.const:g_pui32Xtals)

.cinit     0    00000c88    00000020     
                  00000c88    0000000f     (.cinit..data.load) [load image, compression = rle]
                  00000c97    00000001     --HOLE-- [fill = 0]
                  00000c98    00000008     (__TI_handler_table)
                  00000ca0    00000008     (__TI_cinit_table)

.init_array 
*          0    00000000    00000000     UNINITIALIZED

.stack     0    20000000    00000200     UNINITIALIZED
                  20000000    00000200     --HOLE--

.data      0    20000200    0000001c     UNINITIALIZED
                  20000200    00000008     rtsv7M4_T_le_v4SPD16_eabi.lib : _lock.obj (.data)
                  20000208    00000008                                   : exit.obj (.data)
                  20000210    00000006     main.obj (.data)
                  20000216    00000002     --HOLE--
                  20000218    00000004     rtsv7M4_T_le_v4SPD16_eabi.lib : stkdepth_vars.obj (.data)

.TI.persistent 
*          0    20000200    00000000     UNINITIALIZED


LINKER GENERATED COPY TABLES

__TI_cinit_table @ 00000ca0 records: 1, size/record: 8, table size: 8
	.data: load addr=00000c88, load size=0000000f bytes, run addr=20000200, run size=0000001c bytes, compression=rle


LINKER GENERATED HANDLER TABLE

__TI_handler_table @ 00000c98 records: 2, size/record: 4, table size: 8
	index: 0, handler: __TI_decompress_rle24
	index: 1, handler: __TI_decompress_none


GLOBAL SYMBOLS: SORTED ALPHABETICALLY BY Name 

address   name                    
-------   ----                    
00000599  Accion                  
00000989  C$$EXIT                 
00000ad3  CPUcpsie                
00000a01  GPIODirModeSet          
0000026d  GPIOPadConfigSet        
00000a51  GPIOPinTypeGPIOOutput   
00000af3  GPIOPinWrite            
00000825  IntEnable               
00000aa7  IntMasterEnable         
00000a2d  IntPrioritySet          
00000adf  ResetISR                
UNDEFED   SHT$$INIT_ARRAY$$Base   
UNDEFED   SHT$$INIT_ARRAY$$Limit  
0000039d  SysCtlClockGet          
000004a9  SysCtlClockSet          
00000af9  SysCtlDelay             
000009cd  SysCtlPeripheralEnable  
0000088d  TimerConfigure          
00000ab7  TimerEnable             
00000b05  TimerIntClear           
00000aeb  TimerIntEnable          
00000a95  TimerLoadSet            
20000200  __STACK_END             
00000200  __STACK_SIZE            
20000200  __STACK_TOP             
00000ca0  __TI_CINIT_Base         
00000ca8  __TI_CINIT_Limit        
00000c98  __TI_Handler_Table_Base 
00000ca0  __TI_Handler_Table_Limit
0000074d  __TI_auto_init          
20000208  __TI_cleanup_ptr        
00000ac5  __TI_decompress_none    
00000aff  __TI_decompress_rle24   
2000020c  __TI_dtors_ptr          
00000000  __TI_static_base__      
000006d1  __aeabi_memclr          
000006d1  __aeabi_memclr4         
000006d1  __aeabi_memclr8         
00000635  __aeabi_memcpy          
00000635  __aeabi_memcpy4         
00000635  __aeabi_memcpy8         
000006d3  __aeabi_memset          
000006d3  __aeabi_memset4         
000006d3  __aeabi_memset8         
ffffffff  __binit__               
ffffffff  __c_args__              
20000000  __stack                 
00000a69  _args_main              
000008ed  _c_int00                
20000200  _lock                   
00000a8f  _nop                    
00000a87  _register_lock          
00000a81  _register_unlock        
00000b09  _system_pre_init        
20000204  _unlock                 
0000098d  abort                   
ffffffff  binit                   
0000093d  copy_in                 
00000995  exit                    
00000000  g_pfnVectors            
20000214  led                     
000005c5  main                    
20000218  main_func_sp            
00000635  memcpy                  
000006d9  memset                  
20000210  temp                    


GLOBAL SYMBOLS: SORTED BY Symbol Address 

address   name                    
-------   ----                    
00000000  __TI_static_base__      
00000000  g_pfnVectors            
00000200  __STACK_SIZE            
0000026d  GPIOPadConfigSet        
0000039d  SysCtlClockGet          
000004a9  SysCtlClockSet          
00000599  Accion                  
000005c5  main                    
00000635  __aeabi_memcpy          
00000635  __aeabi_memcpy4         
00000635  __aeabi_memcpy8         
00000635  memcpy                  
000006d1  __aeabi_memclr          
000006d1  __aeabi_memclr4         
000006d1  __aeabi_memclr8         
000006d3  __aeabi_memset          
000006d3  __aeabi_memset4         
000006d3  __aeabi_memset8         
000006d9  memset                  
0000074d  __TI_auto_init          
00000825  IntEnable               
0000088d  TimerConfigure          
000008ed  _c_int00                
0000093d  copy_in                 
00000989  C$$EXIT                 
0000098d  abort                   
00000995  exit                    
000009cd  SysCtlPeripheralEnable  
00000a01  GPIODirModeSet          
00000a2d  IntPrioritySet          
00000a51  GPIOPinTypeGPIOOutput   
00000a69  _args_main              
00000a81  _register_unlock        
00000a87  _register_lock          
00000a8f  _nop                    
00000a95  TimerLoadSet            
00000aa7  IntMasterEnable         
00000ab7  TimerEnable             
00000ac5  __TI_decompress_none    
00000ad3  CPUcpsie                
00000adf  ResetISR                
00000aeb  TimerIntEnable          
00000af3  GPIOPinWrite            
00000af9  SysCtlDelay             
00000aff  __TI_decompress_rle24   
00000b05  TimerIntClear           
00000b09  _system_pre_init        
00000c98  __TI_Handler_Table_Base 
00000ca0  __TI_CINIT_Base         
00000ca0  __TI_Handler_Table_Limit
00000ca8  __TI_CINIT_Limit        
20000000  __stack                 
20000200  __STACK_END             
20000200  __STACK_TOP             
20000200  _lock                   
20000204  _unlock                 
20000208  __TI_cleanup_ptr        
2000020c  __TI_dtors_ptr          
20000210  temp                    
20000214  led                     
20000218  main_func_sp            
ffffffff  __binit__               
ffffffff  __c_args__              
ffffffff  binit                   
UNDEFED   SHT$$INIT_ARRAY$$Base   
UNDEFED   SHT$$INIT_ARRAY$$Limit  

[66 symbols]
