******************************************************************************
                  TI ARM Linker PC v5.2.2                      
******************************************************************************
>> Linked Sun Feb 26 21:38:02 2017

OUTPUT FILE NAME:   <10_SPI.out>
ENTRY POINT SYMBOL: "_c_int00"  address: 00000801


MEMORY CONFIGURATION

         name            origin    length      used     unused   attr    fill
----------------------  --------  ---------  --------  --------  ----  --------
  FLASH                 00000000   00040000  00000b5c  0003f4a4  R  X
  SRAM                  20000000   00008000  00000218  00007de8  RW X


SEGMENT ALLOCATION MAP

run origin  load origin   length   init length attrs members
----------  ----------- ---------- ----------- ----- -------
00000000    00000000    00000b60   00000b60    r-x
  00000000    00000000    0000026c   0000026c    r-- .intvecs
  0000026c    0000026c    000007d4   000007d4    r-x .text
  00000a40    00000a40    000000fc   000000fc    r-- .const
  00000b40    00000b40    00000020   00000020    r-- .cinit
20000000    20000000    00000218   00000000    rw-
  20000000    20000000    00000200   00000000    rw- .stack
  20000200    20000200    00000018   00000000    rw- .data


SECTION ALLOCATION MAP

 output                                  attributes/
section   page    origin      length       input sections
--------  ----  ----------  ----------   ----------------
.intvecs   0    00000000    0000026c     
                  00000000    0000026c     tm4c123gh6pm_startup_ccs.obj (.intvecs)

.text      0    0000026c    000007d4     
                  0000026c    00000130     driverlib.lib : gpio.obj (.text:GPIOPadConfigSet)
                  0000039c    0000010c                   : sysctl.obj (.text:SysCtlClockGet)
                  000004a8    000000f0                   : sysctl.obj (.text:SysCtlClockSet)
                  00000598    0000009c     rtsv7M4_T_le_v4SPD16_eabi.lib : memcpy_t2.obj (.text)
                  00000634    0000007a                                   : memset_t2.obj (.text)
                  000006ae    00000002     --HOLE-- [fill = 0]
                  000006b0    00000078     main.obj (.text)
                  00000728    0000006c     rtsv7M4_T_le_v4SPD16_eabi.lib : autoinit.obj (.text)
                  00000794    0000006a                                   : copy_decompress_rle.obj (.text)
                  000007fe    00000002     --HOLE-- [fill = 0]
                  00000800    00000050                                   : boot.obj (.text)
                  00000850    0000004c                                   : cpy_tbl.obj (.text)
                  0000089c    00000048     driverlib.lib : gpio.obj (.text:GPIOPinConfigure)
                  000008e4    00000044     rtsv7M4_T_le_v4SPD16_eabi.lib : exit.obj (.text)
                  00000928    0000003c     driverlib.lib : ssi.obj (.text:SSIConfigSetExpClk)
                  00000964    00000034                   : sysctl.obj (.text:SysCtlPeripheralEnable)
                  00000998    0000002a                   : gpio.obj (.text:GPIODirModeSet)
                  000009c2    00000002     --HOLE-- [fill = 0]
                  000009c4    00000018     rtsv7M4_T_le_v4SPD16_eabi.lib : args_main.obj (.text)
                  000009dc    00000014                                   : _lock.obj (.text)
                  000009f0    00000012     driverlib.lib : gpio.obj (.text:GPIOPinTypeSSI)
                  00000a02    0000000e     rtsv7M4_T_le_v4SPD16_eabi.lib : copy_decompress_none.obj (.text:decompress:none)
                  00000a10    0000000c     tm4c123gh6pm_startup_ccs.obj (.text)
                  00000a1c    0000000a     driverlib.lib : ssi.obj (.text:SSIDataPut)
                  00000a26    0000000a                   : ssi.obj (.text:SSIEnable)
                  00000a30    00000006                   : sysctl.obj (.text:SysCtlDelay)
                  00000a36    00000006     rtsv7M4_T_le_v4SPD16_eabi.lib : copy_decompress_rle.obj (.text:decompress:rle24)
                  00000a3c    00000004                                   : pre_init.obj (.text)

.const     0    00000a40    000000fc     
                  00000a40    00000090     driverlib.lib : gpio.obj (.const:g_pui32GPIOBaseAddrs)
                  00000ad0    0000006c                   : sysctl.obj (.const:g_pui32Xtals)

.cinit     0    00000b40    00000020     
                  00000b40    0000000f     (.cinit..data.load) [load image, compression = rle]
                  00000b4f    00000001     --HOLE-- [fill = 0]
                  00000b50    00000008     (__TI_handler_table)
                  00000b58    00000008     (__TI_cinit_table)

.init_array 
*          0    00000000    00000000     UNINITIALIZED

.stack     0    20000000    00000200     UNINITIALIZED
                  20000000    00000200     --HOLE--

.data      0    20000200    00000018     UNINITIALIZED
                  20000200    00000008     rtsv7M4_T_le_v4SPD16_eabi.lib : _lock.obj (.data)
                  20000208    00000008                                   : exit.obj (.data)
                  20000210    00000004     main.obj (.data)
                  20000214    00000004     rtsv7M4_T_le_v4SPD16_eabi.lib : stkdepth_vars.obj (.data)

.TI.persistent 
*          0    20000200    00000000     UNINITIALIZED


LINKER GENERATED COPY TABLES

__TI_cinit_table @ 00000b58 records: 1, size/record: 8, table size: 8
	.data: load addr=00000b40, load size=0000000f bytes, run addr=20000200, run size=00000018 bytes, compression=rle


LINKER GENERATED HANDLER TABLE

__TI_handler_table @ 00000b50 records: 2, size/record: 4, table size: 8
	index: 0, handler: __TI_decompress_rle24
	index: 1, handler: __TI_decompress_none


GLOBAL SYMBOLS: SORTED ALPHABETICALLY BY Name 

address   name                    
-------   ----                    
000008e5  C$$EXIT                 
00000999  GPIODirModeSet          
0000026d  GPIOPadConfigSet        
0000089d  GPIOPinConfigure        
000009f1  GPIOPinTypeSSI          
00000a11  ResetISR                
UNDEFED   SHT$$INIT_ARRAY$$Base   
UNDEFED   SHT$$INIT_ARRAY$$Limit  
00000929  SSIConfigSetExpClk      
00000a1d  SSIDataPut              
00000a27  SSIEnable               
0000039d  SysCtlClockGet          
000004a9  SysCtlClockSet          
00000a31  SysCtlDelay             
00000965  SysCtlPeripheralEnable  
20000200  __STACK_END             
00000200  __STACK_SIZE            
20000200  __STACK_TOP             
00000b58  __TI_CINIT_Base         
00000b60  __TI_CINIT_Limit        
00000b50  __TI_Handler_Table_Base 
00000b58  __TI_Handler_Table_Limit
00000729  __TI_auto_init          
20000208  __TI_cleanup_ptr        
00000a03  __TI_decompress_none    
00000a37  __TI_decompress_rle24   
2000020c  __TI_dtors_ptr          
00000000  __TI_static_base__      
00000635  __aeabi_memclr          
00000635  __aeabi_memclr4         
00000635  __aeabi_memclr8         
00000599  __aeabi_memcpy          
00000599  __aeabi_memcpy4         
00000599  __aeabi_memcpy8         
00000637  __aeabi_memset          
00000637  __aeabi_memset4         
00000637  __aeabi_memset8         
ffffffff  __binit__               
ffffffff  __c_args__              
20000000  __stack                 
000009c5  _args_main              
00000801  _c_int00                
20000200  _lock                   
000009eb  _nop                    
000009e3  _register_lock          
000009dd  _register_unlock        
00000a3d  _system_pre_init        
20000204  _unlock                 
000008e9  abort                   
ffffffff  binit                   
00000851  copy_in                 
000008f1  exit                    
00000000  g_pfnVectors            
000006b1  main                    
20000214  main_func_sp            
00000599  memcpy                  
0000063d  memset                  
20000210  temp                    


GLOBAL SYMBOLS: SORTED BY Symbol Address 

address   name                    
-------   ----                    
00000000  __TI_static_base__      
00000000  g_pfnVectors            
00000200  __STACK_SIZE            
0000026d  GPIOPadConfigSet        
0000039d  SysCtlClockGet          
000004a9  SysCtlClockSet          
00000599  __aeabi_memcpy          
00000599  __aeabi_memcpy4         
00000599  __aeabi_memcpy8         
00000599  memcpy                  
00000635  __aeabi_memclr          
00000635  __aeabi_memclr4         
00000635  __aeabi_memclr8         
00000637  __aeabi_memset          
00000637  __aeabi_memset4         
00000637  __aeabi_memset8         
0000063d  memset                  
000006b1  main                    
00000729  __TI_auto_init          
00000801  _c_int00                
00000851  copy_in                 
0000089d  GPIOPinConfigure        
000008e5  C$$EXIT                 
000008e9  abort                   
000008f1  exit                    
00000929  SSIConfigSetExpClk      
00000965  SysCtlPeripheralEnable  
00000999  GPIODirModeSet          
000009c5  _args_main              
000009dd  _register_unlock        
000009e3  _register_lock          
000009eb  _nop                    
000009f1  GPIOPinTypeSSI          
00000a03  __TI_decompress_none    
00000a11  ResetISR                
00000a1d  SSIDataPut              
00000a27  SSIEnable               
00000a31  SysCtlDelay             
00000a37  __TI_decompress_rle24   
00000a3d  _system_pre_init        
00000b50  __TI_Handler_Table_Base 
00000b58  __TI_CINIT_Base         
00000b58  __TI_Handler_Table_Limit
00000b60  __TI_CINIT_Limit        
20000000  __stack                 
20000200  __STACK_END             
20000200  __STACK_TOP             
20000200  _lock                   
20000204  _unlock                 
20000208  __TI_cleanup_ptr        
2000020c  __TI_dtors_ptr          
20000210  temp                    
20000214  main_func_sp            
ffffffff  __binit__               
ffffffff  __c_args__              
ffffffff  binit                   
UNDEFED   SHT$$INIT_ARRAY$$Base   
UNDEFED   SHT$$INIT_ARRAY$$Limit  

[58 symbols]
