******************************************************************************
                  TI ARM Linker PC v5.2.2                      
******************************************************************************
>> Linked Sun Feb 26 19:52:28 2017

OUTPUT FILE NAME:   <SensorTemperatura.out>
ENTRY POINT SYMBOL: "_c_int00"  address: 0000067d


MEMORY CONFIGURATION

         name            origin    length      used     unused   attr    fill
----------------------  --------  ---------  --------  --------  ----  --------
  FLASH                 00000000   00040000  000008c2  0003f73e  R  X
  SRAM                  20000000   00008000  00000214  00007dec  RW X


SEGMENT ALLOCATION MAP

run origin  load origin   length   init length attrs members
----------  ----------- ---------- ----------- ----- -------
00000000    00000000    000008c8   000008c8    r-x
  00000000    00000000    0000026c   0000026c    r-- .intvecs
  0000026c    0000026c    00000636   00000636    r-x .text
  000008a8    000008a8    00000020   00000020    r-- .cinit
20000000    20000000    00000214   00000000    rw-
  20000000    20000000    00000200   00000000    rw- .stack
  20000200    20000200    00000014   00000000    rw- .data


SECTION ALLOCATION MAP

 output                                  attributes/
section   page    origin      length       input sections
--------  ----  ----------  ----------   ----------------
.intvecs   0    00000000    0000026c     
                  00000000    0000026c     tm4c123gh6pm_startup_ccs.obj (.intvecs)

.text      0    0000026c    00000636     
                  0000026c    000000f0     driverlib.lib : sysctl.obj (.text:SysCtlClockSet)
                  0000035c    000000b8     main.obj (.text)
                  00000414    0000009c     rtsv7M4_T_le_v4SPD16_eabi.lib : memcpy_t2.obj (.text)
                  000004b0    0000007a     driverlib.lib : adc.obj (.text:ADCSequenceStepConfigure)
                  0000052a    0000007a     rtsv7M4_T_le_v4SPD16_eabi.lib : memset_t2.obj (.text)
                  000005a4    0000006c                                   : autoinit.obj (.text)
                  00000610    0000006a                                   : copy_decompress_rle.obj (.text)
                  0000067a    00000002     --HOLE-- [fill = 0]
                  0000067c    00000050                                   : boot.obj (.text)
                  000006cc    0000004c                                   : cpy_tbl.obj (.text)
                  00000718    00000044                                   : exit.obj (.text)
                  0000075c    0000003e     driverlib.lib : adc.obj (.text:ADCSequenceConfigure)
                  0000079a    00000002     --HOLE-- [fill = 0]
                  0000079c    00000034                   : sysctl.obj (.text:SysCtlPeripheralEnable)
                  000007d0    0000002e                   : adc.obj (.text:ADCIntStatus)
                  000007fe    0000001e                   : adc.obj (.text:ADCSequenceDataGet)
                  0000081c    00000018                   : adc.obj (.text:ADCProcessorTrigger)
                  00000834    00000018     rtsv7M4_T_le_v4SPD16_eabi.lib : args_main.obj (.text)
                  0000084c    00000014                                   : _lock.obj (.text)
                  00000860    0000000e     driverlib.lib : adc.obj (.text:ADCSequenceEnable)
                  0000086e    0000000e     rtsv7M4_T_le_v4SPD16_eabi.lib : copy_decompress_none.obj (.text:decompress:none)
                  0000087c    0000000c     tm4c123gh6pm_startup_ccs.obj (.text)
                  00000888    0000000a     driverlib.lib : adc.obj (.text:ADCIntClear)
                  00000892    00000006                   : sysctl.obj (.text:SysCtlDelay)
                  00000898    00000006     rtsv7M4_T_le_v4SPD16_eabi.lib : copy_decompress_rle.obj (.text:decompress:rle24)
                  0000089e    00000004                                   : pre_init.obj (.text)

.cinit     0    000008a8    00000020     
                  000008a8    0000000f     (.cinit..data.load) [load image, compression = rle]
                  000008b7    00000001     --HOLE-- [fill = 0]
                  000008b8    00000008     (__TI_handler_table)
                  000008c0    00000008     (__TI_cinit_table)

.init_array 
*          0    00000000    00000000     UNINITIALIZED

.stack     0    20000000    00000200     UNINITIALIZED
                  20000000    00000200     --HOLE--

.data      0    20000200    00000014     UNINITIALIZED
                  20000200    00000008     rtsv7M4_T_le_v4SPD16_eabi.lib : _lock.obj (.data)
                  20000208    00000008                                   : exit.obj (.data)
                  20000210    00000004                                   : stkdepth_vars.obj (.data)

.TI.persistent 
*          0    20000200    00000000     UNINITIALIZED


LINKER GENERATED COPY TABLES

__TI_cinit_table @ 000008c0 records: 1, size/record: 8, table size: 8
	.data: load addr=000008a8, load size=0000000f bytes, run addr=20000200, run size=00000014 bytes, compression=rle


LINKER GENERATED HANDLER TABLE

__TI_handler_table @ 000008b8 records: 2, size/record: 4, table size: 8
	index: 0, handler: __TI_decompress_rle24
	index: 1, handler: __TI_decompress_none


GLOBAL SYMBOLS: SORTED ALPHABETICALLY BY Name 

address   name                    
-------   ----                    
00000889  ADCIntClear             
000007d1  ADCIntStatus            
0000081d  ADCProcessorTrigger     
0000075d  ADCSequenceConfigure    
000007ff  ADCSequenceDataGet      
00000861  ADCSequenceEnable       
000004b1  ADCSequenceStepConfigure
00000719  C$$EXIT                 
0000087d  ResetISR                
UNDEFED   SHT$$INIT_ARRAY$$Base   
UNDEFED   SHT$$INIT_ARRAY$$Limit  
0000026d  SysCtlClockSet          
00000893  SysCtlDelay             
0000079d  SysCtlPeripheralEnable  
20000200  __STACK_END             
00000200  __STACK_SIZE            
20000200  __STACK_TOP             
000008c0  __TI_CINIT_Base         
000008c8  __TI_CINIT_Limit        
000008b8  __TI_Handler_Table_Base 
000008c0  __TI_Handler_Table_Limit
000005a5  __TI_auto_init          
20000208  __TI_cleanup_ptr        
0000086f  __TI_decompress_none    
00000899  __TI_decompress_rle24   
2000020c  __TI_dtors_ptr          
00000000  __TI_static_base__      
0000052b  __aeabi_memclr          
0000052b  __aeabi_memclr4         
0000052b  __aeabi_memclr8         
00000415  __aeabi_memcpy          
00000415  __aeabi_memcpy4         
00000415  __aeabi_memcpy8         
0000052d  __aeabi_memset          
0000052d  __aeabi_memset4         
0000052d  __aeabi_memset8         
ffffffff  __binit__               
ffffffff  __c_args__              
20000000  __stack                 
00000835  _args_main              
0000067d  _c_int00                
20000200  _lock                   
0000085b  _nop                    
00000853  _register_lock          
0000084d  _register_unlock        
0000089f  _system_pre_init        
20000204  _unlock                 
0000071d  abort                   
ffffffff  binit                   
000006cd  copy_in                 
00000725  exit                    
00000000  g_pfnVectors            
0000035d  main                    
20000210  main_func_sp            
00000415  memcpy                  
00000533  memset                  


GLOBAL SYMBOLS: SORTED BY Symbol Address 

address   name                    
-------   ----                    
00000000  __TI_static_base__      
00000000  g_pfnVectors            
00000200  __STACK_SIZE            
0000026d  SysCtlClockSet          
0000035d  main                    
00000415  __aeabi_memcpy          
00000415  __aeabi_memcpy4         
00000415  __aeabi_memcpy8         
00000415  memcpy                  
000004b1  ADCSequenceStepConfigure
0000052b  __aeabi_memclr          
0000052b  __aeabi_memclr4         
0000052b  __aeabi_memclr8         
0000052d  __aeabi_memset          
0000052d  __aeabi_memset4         
0000052d  __aeabi_memset8         
00000533  memset                  
000005a5  __TI_auto_init          
0000067d  _c_int00                
000006cd  copy_in                 
00000719  C$$EXIT                 
0000071d  abort                   
00000725  exit                    
0000075d  ADCSequenceConfigure    
0000079d  SysCtlPeripheralEnable  
000007d1  ADCIntStatus            
000007ff  ADCSequenceDataGet      
0000081d  ADCProcessorTrigger     
00000835  _args_main              
0000084d  _register_unlock        
00000853  _register_lock          
0000085b  _nop                    
00000861  ADCSequenceEnable       
0000086f  __TI_decompress_none    
0000087d  ResetISR                
00000889  ADCIntClear             
00000893  SysCtlDelay             
00000899  __TI_decompress_rle24   
0000089f  _system_pre_init        
000008b8  __TI_Handler_Table_Base 
000008c0  __TI_CINIT_Base         
000008c0  __TI_Handler_Table_Limit
000008c8  __TI_CINIT_Limit        
20000000  __stack                 
20000200  __STACK_END             
20000200  __STACK_TOP             
20000200  _lock                   
20000204  _unlock                 
20000208  __TI_cleanup_ptr        
2000020c  __TI_dtors_ptr          
20000210  main_func_sp            
ffffffff  __binit__               
ffffffff  __c_args__              
ffffffff  binit                   
UNDEFED   SHT$$INIT_ARRAY$$Base   
UNDEFED   SHT$$INIT_ARRAY$$Limit  

[56 symbols]
