******************************************************************************
                  TI ARM Linker PC v5.2.2                      
******************************************************************************
>> Linked Sun Feb 26 19:22:49 2017

OUTPUT FILE NAME:   <GPIOInput.out>
ENTRY POINT SYMBOL: "_c_int00"  address: 0000067d


MEMORY CONFIGURATION

         name            origin    length      used     unused   attr    fill
----------------------  --------  ---------  --------  --------  ----  --------
  FLASH                 00000000   00040000  0000088a  0003f776  R  X
  SRAM                  20000000   00008000  00000218  00007de8  RW X


SEGMENT ALLOCATION MAP

run origin  load origin   length   init length attrs members
----------  ----------- ---------- ----------- ----- -------
00000000    00000000    00000890   00000890    r-x
  00000000    00000000    0000026c   0000026c    r-- .intvecs
  0000026c    0000026c    000005fe   000005fe    r-x .text
  00000870    00000870    00000020   00000020    r-- .cinit
20000000    20000000    00000218   00000000    rw-
  20000000    20000000    00000200   00000000    rw- .stack
  20000200    20000200    00000018   00000000    rw- .data


SECTION ALLOCATION MAP

 output                                  attributes/
section   page    origin      length       input sections
--------  ----  ----------  ----------   ----------------
.intvecs   0    00000000    0000026c     
                  00000000    0000026c     tm4c123gh6pm_startup_ccs.obj (.intvecs)

.text      0    0000026c    000005fe     
                  0000026c    00000130     driverlib.lib : gpio.obj (.text:GPIOPadConfigSet)
                  0000039c    000000f0                   : sysctl.obj (.text:SysCtlClockSet)
                  0000048c    0000009c     rtsv7M4_T_le_v4SPD16_eabi.lib : memcpy_t2.obj (.text)
                  00000528    0000007a                                   : memset_t2.obj (.text)
                  000005a2    00000002     --HOLE-- [fill = 0]
                  000005a4    0000006c                                   : autoinit.obj (.text)
                  00000610    0000006a                                   : copy_decompress_rle.obj (.text)
                  0000067a    00000002     --HOLE-- [fill = 0]
                  0000067c    00000050                                   : boot.obj (.text)
                  000006cc    0000004c                                   : cpy_tbl.obj (.text)
                  00000718    00000044                                   : exit.obj (.text)
                  0000075c    00000040     main.obj (.text)
                  0000079c    00000034     driverlib.lib : sysctl.obj (.text:SysCtlPeripheralEnable)
                  000007d0    0000002a                   : gpio.obj (.text:GPIODirModeSet)
                  000007fa    00000002     --HOLE-- [fill = 0]
                  000007fc    00000018     rtsv7M4_T_le_v4SPD16_eabi.lib : args_main.obj (.text)
                  00000814    00000014                                   : _lock.obj (.text)
                  00000828    00000012     driverlib.lib : gpio.obj (.text:GPIOPinTypeGPIOInput)
                  0000083a    0000000e     rtsv7M4_T_le_v4SPD16_eabi.lib : copy_decompress_none.obj (.text:decompress:none)
                  00000848    0000000c     tm4c123gh6pm_startup_ccs.obj (.text)
                  00000854    00000006     driverlib.lib : gpio.obj (.text:GPIOPinRead)
                  0000085a    00000006                   : sysctl.obj (.text:SysCtlDelay)
                  00000860    00000006     rtsv7M4_T_le_v4SPD16_eabi.lib : copy_decompress_rle.obj (.text:decompress:rle24)
                  00000866    00000004                                   : pre_init.obj (.text)

.cinit     0    00000870    00000020     
                  00000870    0000000f     (.cinit..data.load) [load image, compression = rle]
                  0000087f    00000001     --HOLE-- [fill = 0]
                  00000880    00000008     (__TI_handler_table)
                  00000888    00000008     (__TI_cinit_table)

.init_array 
*          0    00000000    00000000     UNINITIALIZED

.stack     0    20000000    00000200     UNINITIALIZED
                  20000000    00000200     --HOLE--

.data      0    20000200    00000018     UNINITIALIZED
                  20000200    00000008     rtsv7M4_T_le_v4SPD16_eabi.lib : _lock.obj (.data)
                  20000208    00000008                                   : exit.obj (.data)
                  20000210    00000004     main.obj (.data)
                  20000214    00000004     rtsv7M4_T_le_v4SPD16_eabi.lib : stkdepth_vars.obj (.data)

.TI.persistent 
*          0    20000200    00000000     UNINITIALIZED


LINKER GENERATED COPY TABLES

__TI_cinit_table @ 00000888 records: 1, size/record: 8, table size: 8
	.data: load addr=00000870, load size=0000000f bytes, run addr=20000200, run size=00000018 bytes, compression=rle


LINKER GENERATED HANDLER TABLE

__TI_handler_table @ 00000880 records: 2, size/record: 4, table size: 8
	index: 0, handler: __TI_decompress_rle24
	index: 1, handler: __TI_decompress_none


GLOBAL SYMBOLS: SORTED ALPHABETICALLY BY Name 

address   name                    
-------   ----                    
00000719  C$$EXIT                 
000007d1  GPIODirModeSet          
0000026d  GPIOPadConfigSet        
00000855  GPIOPinRead             
00000829  GPIOPinTypeGPIOInput    
00000849  ResetISR                
UNDEFED   SHT$$INIT_ARRAY$$Base   
UNDEFED   SHT$$INIT_ARRAY$$Limit  
0000039d  SysCtlClockSet          
0000085b  SysCtlDelay             
0000079d  SysCtlPeripheralEnable  
20000200  __STACK_END             
00000200  __STACK_SIZE            
20000200  __STACK_TOP             
00000888  __TI_CINIT_Base         
00000890  __TI_CINIT_Limit        
00000880  __TI_Handler_Table_Base 
00000888  __TI_Handler_Table_Limit
000005a5  __TI_auto_init          
20000208  __TI_cleanup_ptr        
0000083b  __TI_decompress_none    
00000861  __TI_decompress_rle24   
2000020c  __TI_dtors_ptr          
00000000  __TI_static_base__      
00000529  __aeabi_memclr          
00000529  __aeabi_memclr4         
00000529  __aeabi_memclr8         
0000048d  __aeabi_memcpy          
0000048d  __aeabi_memcpy4         
0000048d  __aeabi_memcpy8         
0000052b  __aeabi_memset          
0000052b  __aeabi_memset4         
0000052b  __aeabi_memset8         
ffffffff  __binit__               
ffffffff  __c_args__              
20000000  __stack                 
000007fd  _args_main              
0000067d  _c_int00                
20000200  _lock                   
00000823  _nop                    
0000081b  _register_lock          
00000815  _register_unlock        
00000867  _system_pre_init        
20000204  _unlock                 
0000071d  abort                   
ffffffff  binit                   
000006cd  copy_in                 
00000725  exit                    
00000000  g_pfnVectors            
0000075d  main                    
20000214  main_func_sp            
0000048d  memcpy                  
00000531  memset                  
20000210  temp                    


GLOBAL SYMBOLS: SORTED BY Symbol Address 

address   name                    
-------   ----                    
00000000  __TI_static_base__      
00000000  g_pfnVectors            
00000200  __STACK_SIZE            
0000026d  GPIOPadConfigSet        
0000039d  SysCtlClockSet          
0000048d  __aeabi_memcpy          
0000048d  __aeabi_memcpy4         
0000048d  __aeabi_memcpy8         
0000048d  memcpy                  
00000529  __aeabi_memclr          
00000529  __aeabi_memclr4         
00000529  __aeabi_memclr8         
0000052b  __aeabi_memset          
0000052b  __aeabi_memset4         
0000052b  __aeabi_memset8         
00000531  memset                  
000005a5  __TI_auto_init          
0000067d  _c_int00                
000006cd  copy_in                 
00000719  C$$EXIT                 
0000071d  abort                   
00000725  exit                    
0000075d  main                    
0000079d  SysCtlPeripheralEnable  
000007d1  GPIODirModeSet          
000007fd  _args_main              
00000815  _register_unlock        
0000081b  _register_lock          
00000823  _nop                    
00000829  GPIOPinTypeGPIOInput    
0000083b  __TI_decompress_none    
00000849  ResetISR                
00000855  GPIOPinRead             
0000085b  SysCtlDelay             
00000861  __TI_decompress_rle24   
00000867  _system_pre_init        
00000880  __TI_Handler_Table_Base 
00000888  __TI_CINIT_Base         
00000888  __TI_Handler_Table_Limit
00000890  __TI_CINIT_Limit        
20000000  __stack                 
20000200  __STACK_END             
20000200  __STACK_TOP             
20000200  _lock                   
20000204  _unlock                 
20000208  __TI_cleanup_ptr        
2000020c  __TI_dtors_ptr          
20000210  temp                    
20000214  main_func_sp            
ffffffff  __binit__               
ffffffff  __c_args__              
ffffffff  binit                   
UNDEFED   SHT$$INIT_ARRAY$$Base   
UNDEFED   SHT$$INIT_ARRAY$$Limit  

[54 symbols]
